******************************************************************************
                  TI ARM Linker PC v5.1.6                      
******************************************************************************
>> Linked Tue Aug 22 17:46:47 2023

OUTPUT FILE NAME:   <build/app.out>
ENTRY POINT SYMBOL: "_c_int00"  address: 000bafc0


MEMORY CONFIGURATION

         name            origin    length      used     unused   attr    fill
----------------------  --------  ---------  --------  --------  ----  --------
  apdb_sec              000a0000   00000080  00000080  00000000  R     ffffffff 
  crc_sec               000a0080   00000080  00000080  00000000  R     ffffffff 
  flash                 000a0100   0025ff00  0002c3a0  00233b60  R  X
  stacks                08000020   00002fe0  00000000  00002fe0  RW  
  ram                   08003000   00035000  00000008  00034ff8  RW  
  io_driver_data_normal 08038000   00007ae0  00005c5c  00001e84  RW  
  io_driver_data_common 0803fae0   00000400  00000100  00000300  RW  
  shared_mem            0803fee0   00000120  00000120  00000000  RW  
  ext_ram               60000000   00200000  00000000  00200000  RW  
  ext_flash             64000000   007ffff8  00000000  007ffff8  R   
  cfg_flash             f0200000   00010000  00000000  00010000  R   


SEGMENT ALLOCATION MAP

run origin  load origin   length   init length attrs members
----------  ----------- ---------- ----------- ----- -------
000a0000    000a0000    0000fe38   0000fe38    r-x
  000a0000    000a0000    00000080   00000080    r-- .app_apdb
  000a0080    000a0080    00000080   00000080    r-- $fill000
  000a0100    000a0100    0000f430   0000f430    r-x .csm_code
  000af530    000af530    00000908   00000908    r-- .csm_const
000afe40    000afe40    0001b338   0001b338    r-x
  000afe40    000afe40    00018b10   00018b10    r-x .io_driver_code
  000c8950    000c8950    00002828   00002828    r-- .io_driver_const
000cb180    000cb180    00001328   00001328    r-x
  000cb180    000cb180    000005f0   000005f0    r-x .text
  000cb770    000cb770    00000220   00000220    r-- .const
  000cb990    000cb990    00000b18   00000b18    r-- .cinit
08003000    08003000    00000008   00000000    rw-
  08003000    08003000    00000008   00000000    rw- .sysmem
08038000    08038000    00005c5c   00000000    rw-
  08038000    08038000    00000390   00000000    rw- .CSM_VAR
  08038390    08038390    000058cc   00000000    rw- .IO_DRIVER_VAR_NORMAL
0803fae0    0803fae0    00000100   00000000    rw-
  0803fae0    0803fae0    00000100   00000000    rw- .IO_DRIVER_VAR_COMMON
0803fee0    0803fee0    00000120   00000000    rw-
  0803fee0    0803fee0    00000120   00000000    rw- .TI.bound:Csm_Mcu_SharedMem


SECTION ALLOCATION MAP

 output                                  attributes/
section   page    origin      length       input sections
--------  ----  ----------  ----------   ----------------
.app_apdb 
*          0    000a0000    00000080     
                  000a0000    00000080     main.obj (.APDB_SEC)

$fill000   0    000a0080    00000080     
                  000a0080    00000080     --HOLE-- [fill = ffffffff]

.csm_code 
*          0    000a0100    0000f430     
                  000a0100    00000018     ttc500.lib : drv_asm_Csm_Mcu_Core.obj (.CSM_CODE:Csm_Mcu_EnableFpu)
                  000a0118    00000094                : drv_asm_Csm_Mcu_Core.obj (.CSM_CODE:Csm_Mcu_InitStackPointers)
                  000a01ac    00000020                : drv_asm_Csm_Mcu_Core.obj (.CSM_CODE:Csm_Mcu_CalculateSharedMemorySize)
                  000a01cc    000000d4                : drv_asm_Csm_Mcu_Core.obj (.CSM_CODE:Csm_Mcu_CheckSharedMemory)
                  000a02a0    00000010                : drv_asm_Csm_Mcu_Core.obj (.CSM_CODE:Csm_Mcu_EnableEventBusExport)
                  000a02b0    00000010                : drv_asm_Csm_Mcu_Core.obj (.CSM_CODE:Csm_Mcu_DisableEventBusExport)
                  000a02c0    00000014                : drv_asm_Csm_Mcu_Core.obj (.CSM_CODE:Csm_Mcu_EnableEccFlash)
                  000a02d4    00000014                : drv_asm_Csm_Mcu_Core.obj (.CSM_CODE:Csm_Mcu_DisableEccFlash)
                  000a02e8    00000008     --HOLE-- [fill = 00000000]
                  000a02f0    00000084                : drv_Csm_Mcu_Boot.obj (.CSM_CODE:Csm_Mcu_SetupFlash)
                  000a0374    0000000c     --HOLE-- [fill = 00000000]
                  000a0380    00000054                : drv_Csm_Mcu_Boot.obj (.CSM_CODE:Csm_Mcu_SetupPLL)
                  000a03d4    0000000c     --HOLE-- [fill = 00000000]
                  000a03e0    00000038                : drv_Csm_Mcu_Boot.obj (.CSM_CODE:Csm_Mcu_PeriphInit1)
                  000a0418    00000008     --HOLE-- [fill = 00000000]
                  000a0420    00000044                : drv_Csm_Mcu_Boot.obj (.CSM_CODE:Csm_Mcu_PeriphInit2)
                  000a0464    0000000c     --HOLE-- [fill = 00000000]
                  000a0470    00000040                : drv_Csm_Mcu_Boot.obj (.CSM_CODE:Csm_Mcu_PeriphInit3)
                  000a04b0    00000054                : drv_Csm_Mcu_Boot.obj (.CSM_CODE:Csm_Mcu_TrimLPO)
                  000a0504    00000018                : drv_asm_Csm_Mcu_Core.obj (.CSM_CODE:Csm_Mcu_CountClocks_Asm)
                  000a051c    00000004     --HOLE-- [fill = 00000000]
                  000a0520    00000018                : drv_Csm_Mcu_Boot.obj (.CSM_CODE:Csm_Mcu_Below20Mhz)
                  000a0538    00000008     --HOLE-- [fill = 00000000]
                  000a0540    00000018                : drv_Csm_Mcu_Boot.obj (.CSM_CODE:Csm_Mcu_Above20Mhz)
                  000a0558    00000008     --HOLE-- [fill = 00000000]
                  000a0560    00000014                : drv_Csm_Mcu_Boot.obj (.CSM_CODE:Csm_Mcu_WaitClocksLocked)
                  000a0574    0000000c     --HOLE-- [fill = 00000000]
                  000a0580    0000002c                : drv_Csm_Mcu_Boot.obj (.CSM_CODE:Csm_Mcu_SystemInitFinalStep)
                  000a05ac    00000004     --HOLE-- [fill = 00000000]
                  000a05b0    0000001c                : drv_Csm_Mcu_Boot.obj (.CSM_CODE:Csm_Mcu_SystemInitFinalStep2)
                  000a05cc    00000058                : drv_asm_Csm_Mcu_Core.obj (.CSM_CODE:Csm_Mcu_SystemInit)
                  000a0624    0000026c                : drv_asm_Csm_Mcu_Core.obj (.CSM_CODE:Csm_Mcu_PBIST_Asm)
                  000a0890    0000002c                : drv_asm_Csm_Mcu_Core.obj (.CSM_CODE:Csm_Mcu_TestPBIST_Asm)
                  000a08bc    00000004     --HOLE-- [fill = 00000000]
                  000a08c0    00000008                : drv_Csm_Mcu_Boot.obj (.CSM_CODE:Csm_Mcu_TestRamSection_Boot)
                  000a08c8    00000024                : drv_asm_Csm_Mcu_Core.obj (.CSM_CODE:Csm_Mcu_InitSharedMemorySize)
                  000a08ec    00000024                : drv_asm_Csm_Mcu_Core.obj (.CSM_CODE:Csm_Mcu_CopyMemory)
                  000a0910    000000b0                : drv_asm_Csm_Mcu_Core.obj (.CSM_CODE:Csm_Mcu_TestRam_TwoSteps)
                  000a09c0    00000014                : drv_asm_Csm_Mcu_Core.obj (.CSM_CODE:Csm_Mcu_EnableEccRam)
                  000a09d4    00000014                : drv_asm_Csm_Mcu_Core.obj (.CSM_CODE:Csm_Mcu_DisableEccRam)
                  000a09e8    00000014                : drv_asm_Csm_Mcu_Core.obj (.CSM_CODE:Csm_Mcu_Errata_CORTEXR4_66)
                  000a09fc    00000058                : drv_asm_Csm_Mcu_Core.obj (.CSM_CODE:Csm_Mcu_InitRamSectionSW_Asm)
                  000a0a54    0000008c                : drv_asm_Csm_Mcu_Core.obj (.CSM_CODE:Csm_Mcu_InitRamSaveSharedMemory)
                  000a0ae0    00000080                : drv_asm_Csm_Mcu_Core.obj (.CSM_CODE:Csm_Mcu_InitRamSection_Asm)
                  000a0b60    00000044                : drv_Csm_Mcu_Boot.obj (.CSM_CODE:Csm_Mcu_EnableIOMMerrorSignaling)
                  000a0ba4    0000000c     --HOLE-- [fill = 00000000]
                  000a0bb0    0000007c                : drv_Csm_Mcu_Boot.obj (.CSM_CODE:Csm_Mcu_WriteIOMultiplexerConfig)
                  000a0c2c    00000004     --HOLE-- [fill = 00000000]
                  000a0c30    00000034                : drv_Csm_Mcu_Boot.obj (.CSM_CODE:Csm_Mcu_ReadResetReason)
                  000a0c64    0000000c     --HOLE-- [fill = 00000000]
                  000a0c70    00000014                : drv_Csm_Mcu_Boot.obj (.CSM_CODE:Csm_Mcu_StartCosmoSharedMemory)
                  000a0c84    0000000c     --HOLE-- [fill = 00000000]
                  000a0c90    00000160                : drv_Csm_Mcu_Boot.obj (.CSM_CODE:Csm_Mcu_Init)
                  000a0df0    000003cc                : drv_asm_Csm_Mcu_Core.obj (.CSM_CODE:Csm_Mcu_InitCore)
                  000a11bc    00000004     --HOLE-- [fill = 00000000]
                  000a11c0    0000006c                : drv_Csm_Dio.obj (.CSM_CODE:Csm_Dio_WriteChannel)
                  000a122c    00000004     --HOLE-- [fill = 00000000]
                  000a1230    0000013c                : drv_Csm_Nhet.obj (.CSM_CODE:Csm_Access_NHETram)
                  000a136c    00000004     --HOLE-- [fill = 00000000]
                  000a1370    00000064                : drv_Csm_Spi.obj (.CSM_CODE:.CSM_CODE_TRIGGERWATCHDOG:Csm_Spi_GroupTransferIsComplete)
                  000a13d4    0000000c     --HOLE-- [fill = 00000000]
                  000a13e0    00000078                : drv_Csm_Spi.obj (.CSM_CODE:Csm_Spi_CommonParameterCheck)
                  000a1458    00000008     --HOLE-- [fill = 00000000]
                  000a1460    000001a4                : drv_Csm_Spi.obj (.CSM_CODE:Csm_Spi_SetTxRamEx_u8)
                  000a1604    0000000c     --HOLE-- [fill = 00000000]
                  000a1610    000001a4                : drv_Csm_Spi.obj (.CSM_CODE:Csm_Spi_SetTxRamEx_u16)
                  000a17b4    0000000c     --HOLE-- [fill = 00000000]
                  000a17c0    00000024                : drv_Csm_Spi.obj (.CSM_CODE:Csm_Spi_SelectUnit)
                  000a17e4    0000000c     --HOLE-- [fill = 00000000]
                  000a17f0    0000006c                : drv_Csm_Spi.obj (.CSM_CODE:.CSM_CODE_TRIGGERWATCHDOG:Csm_Spi_StartGroupTransfer)
                  000a185c    00000010                : drv_asm_Csm_Mcu_Core.obj (.CSM_CODE:Csm_Mcu_Vim_Enable_HW_Vec_Mode_Asm)
                  000a186c    00000004     --HOLE-- [fill = 00000000]
                  000a1870    00000004                : drv_Csm_Vim.obj (.CSM_CODE:Csm_Mcu_Vim_Enable_HW_Vec_Mode)
                  000a1874    00000010                : drv_asm_Csm_Mcu_Core.obj (.CSM_CODE:Csm_Mcu_Vim_Disable_HW_Vec_Mode_Asm)
                  000a1884    0000000c     --HOLE-- [fill = 00000000]
                  000a1890    00000004                : drv_Csm_Vim.obj (.CSM_CODE:Csm_Mcu_Vim_Disable_HW_Vec_Mode)
                  000a1894    0000000c     --HOLE-- [fill = 00000000]
                  000a18a0    000001b0                : drv_Csm_Vim.obj (.CSM_CODE:Csm_Vim_Init)
                  000a1a50    000000b8                : drv_Csm_Esm.obj (.CSM_CODE:Csm_Esm_ErrorFlags)
                  000a1b08    00000008     --HOLE-- [fill = 00000000]
                  000a1b10    00000014                : drv_Csm_Mcu.obj (.CSM_CODE:Csm_Mcu_ClearFlashErrorCount)
                  000a1b24    0000000c     --HOLE-- [fill = 00000000]
                  000a1b30    0000003c                : drv_Csm_Mcu.obj (.CSM_CODE:Csm_Mcu_GetFlashErrorAddress)
                  000a1b6c    00000004     --HOLE-- [fill = 00000000]
                  000a1b70    00000034                : drv_Csm_Mcu.obj (.CSM_CODE:Csm_Mcu_ClearRamErrorCount)
                  000a1ba4    0000000c     --HOLE-- [fill = 00000000]
                  000a1bb0    0000005c                : drv_Csm_Mcu.obj (.CSM_CODE:Csm_Mcu_GetRamErrorAddress)
                  000a1c0c    00000004     --HOLE-- [fill = 00000000]
                  000a1c10    00000014                : drv_Csm_Mcu.obj (.CSM_CODE:Csm_Mcu_ClearEepromErrorCount)
                  000a1c24    0000000c     --HOLE-- [fill = 00000000]
                  000a1c30    0000003c                : drv_Csm_Mcu.obj (.CSM_CODE:Csm_Mcu_GetEepromErrorAddress)
                  000a1c6c    00000004     --HOLE-- [fill = 00000000]
                  000a1c70    00000014                : drv_Csm_Esm.obj (.CSM_CODE:Csm_Esm_GetErrorPin)
                  000a1c84    0000000c     --HOLE-- [fill = 00000000]
                  000a1c90    00000014                : drv_Csm_Esm.obj (.CSM_CODE:Csm_Esm_GetErrorKey)
                  000a1ca4    0000000c     --HOLE-- [fill = 00000000]
                  000a1cb0    00000048                : drv_Csm_Esm.obj (.CSM_CODE:Csm_Esm_TestParamToDefault)
                  000a1cf8    00000008     --HOLE-- [fill = 00000000]
                  000a1d00    00000038                : drv_Csm_Esm.obj (.CSM_CODE:Csm_Esm_RequestClearErrorPin)
                  000a1d38    00000008     --HOLE-- [fill = 00000000]
                  000a1d40    00000100                : drv_Csm_Esm.obj (.CSM_CODE:Csm_Esm_Init)
                  000a1e40    00000034                : drv_Csm_Vim.obj (.CSM_CODE:Csm_Vim_EnableInterrupt)
                  000a1e74    0000000c     --HOLE-- [fill = 00000000]
                  000a1e80    00000014                : drv_Csm_Mcu.obj (.CSM_CODE:Csm_Mcu_EnterCriticalSection)
                  000a1e94    0000000c     --HOLE-- [fill = 00000000]
                  000a1ea0    00000094                : drv_Csm_Esm.obj (.CSM_CODE:Csm_Esm_IntEnable)
                  000a1f34    0000000c     --HOLE-- [fill = 00000000]
                  000a1f40    00000094                : drv_Csm_Esm.obj (.CSM_CODE:Csm_Esm_IntPriority)
                  000a1fd4    0000000c     --HOLE-- [fill = 00000000]
                  000a1fe0    00000160                : drv_Csm_Esm.obj (.CSM_CODE:Csm_Esm_CheckStartParameters)
                  000a2140    00000014                : drv_Csm_Mcu.obj (.CSM_CODE:Csm_Mcu_LeaveCriticalSection)
                  000a2154    0000000c     --HOLE-- [fill = 00000000]
                  000a2160    000000c0                : drv_Csm_Esm.obj (.CSM_CODE:Csm_Esm_StartTest)
                  000a2220    00000084                : drv_Csm_Esm.obj (.CSM_CODE:Csm_Esm_ClearErrorFlags)
                  000a22a4    0000000c     --HOLE-- [fill = 00000000]
                  000a22b0    000000cc                : drv_Csm_Esm.obj (.CSM_CODE:Csm_Esm_GetTestResultsSupport)
                  000a237c    00000004     --HOLE-- [fill = 00000000]
                  000a2380    00000080                : drv_Csm_Esm.obj (.CSM_CODE:Csm_Esm_GetTestResults)
                  000a2400    00000050                : drv_Csm_Esm.obj (.CSM_CODE:Csm_Esm_StopTest)
                  000a2450    000000e0                : drv_Csm_Vim.obj (.CSM_CODE:Csm_Vim_TestRamParity)
                  000a2530    00000004                : drv_Csm_Mcu.obj (.CSM_CODE:Csm_Mcu_GetCosmoSharedMemory)
                  000a2534    0000000c     --HOLE-- [fill = 00000000]
                  000a2540    00000144                : drv_Csm_Mcu.obj (.CSM_CODE:Csm_Mcu_TestL2L3interconnect)
                  000a2684    0000000c     --HOLE-- [fill = 00000000]
                  000a2690    00000120                : drv_Csm_Mcu.obj (.CSM_CODE:Csm_Mcu_GetResetReason)
                  000a27b0    000000ac                : drv_Csm_Mcu.obj (.CSM_CODE:Csm_Mcu_TesteFuseStuckZero)
                  000a285c    00000004     --HOLE-- [fill = 00000000]
                  000a2860    000000d0                : drv_Csm_Mcu.obj (.CSM_CODE:Csm_Mcu_eFuseSelfTest)
                  000a2930    00000088                : drv_Csm_Mcu.obj (.CSM_CODE:Csm_Mcu_TesteFuseECC)
                  000a29b8    00000008     --HOLE-- [fill = 00000000]
                  000a29c0    00000120                : drv_Csm_Mcu.obj (.CSM_CODE:Csm_Mcu_TestFlashWrapperAddressECC)
                  000a2ae0    00000020                : drv_asm_Csm_Mcu_Core.obj (.CSM_CODE:Csm_Mcu_CheckStackPointerSave)
                  000a2b00    00001134                : drv_asm_Csm_Mcu_Core.obj (.CSM_CODE:Csm_Mcu_StackPointerSave)
                  000a3c34    0000000c     --HOLE-- [fill = 00000000]
                  000a3c40    00000128                : drv_Csm_Mcu_Selftest.obj (.CSM_CODE:Csm_Mcu_TestSTC)
                  000a3d68    00000008     --HOLE-- [fill = 00000000]
                  000a3d70    00000130                : drv_Csm_Mcu_Selftest.obj (.CSM_CODE:Csm_Mcu_CpuSelfTest)
                  000a3ea0    00000078                : drv_Csm_Mcu.obj (.CSM_CODE:Csm_Mcu_PSCONSelfTestDo)
                  000a3f18    00000008     --HOLE-- [fill = 00000000]
                  000a3f20    00000130                : drv_Csm_Mcu.obj (.CSM_CODE:Csm_Mcu_PSCONSelfTest)
                  000a4050    00000008                : drv_Csm_Mcu.obj (.CSM_CODE:Csm_Mcu_Get_CPSR)
                  000a4058    00000008     --HOLE-- [fill = 00000000]
                  000a4060    0000001c                : drv_Csm_Mcu.obj (.CSM_CODE:Csm_Mcu_GlobalInterruptEnable)
                  000a407c    00000004     --HOLE-- [fill = 00000000]
                  000a4080    00000090                : drv_Csm_Mcu.obj (.CSM_CODE:Csm_Mcu_CCMSelfTestDo)
                  000a4110    000000ec                : drv_Csm_Mcu.obj (.CSM_CODE:Csm_Mcu_CCMSelfTest)
                  000a41fc    00000004     --HOLE-- [fill = 00000000]
                  000a4200    00000088                : drv_Csm_Mcu.obj (.CSM_CODE:Csm_Mcu_ConditionalWait)
                  000a4288    00000008     --HOLE-- [fill = 00000000]
                  000a4290    00000110                : drv_Csm_Mcu.obj (.CSM_CODE:Csm_Mcu_TestClockMonitor)
                  000a43a0    00000088                : drv_Csm2_Mcu.obj (.CSM_CODE:Csm2_Mcu_ConditionalWait)
                  000a4428    00000008     --HOLE-- [fill = 00000000]
                  000a4430    00000170                : drv_Csm2_Mcu.obj (.CSM_CODE:Csm2_Mcu_TestPll1Slip)
                  000a45a0    00000148                : drv_Csm2_Mcu.obj (.CSM_CODE:Csm2_Mcu_TestPll2Slip)
                  000a46e8    00000008     --HOLE-- [fill = 00000000]
                  000a46f0    000000ec                : drv_Csm_Mcu.obj (.CSM_CODE:Csm_Mcu_TestRamECCDo)
                  000a47dc    00000004     --HOLE-- [fill = 00000000]
                  000a47e0    000001a0                : drv_Csm_Mcu.obj (.CSM_CODE:Csm_Mcu_TestRamECC)
                  000a4980    00000114                : drv_Csm_Mcu.obj (.CSM_CODE:Csm_Mcu_TestRamAddressBusParity)
                  000a4a94    0000000c     --HOLE-- [fill = 00000000]
                  000a4aa0    00000124                : drv_Csm_Mcu.obj (.CSM_CODE:Csm_Mcu_InequalityTest)
                  000a4bc4    0000000c     --HOLE-- [fill = 00000000]
                  000a4bd0    00000098                : drv_Csm_Mcu.obj (.CSM_CODE:Csm_Mcu_EqualityTest)
                  000a4c68    00000008     --HOLE-- [fill = 00000000]
                  000a4c70    00000050                : drv_Csm_Mcu.obj (.CSM_CODE:Csm_Mcu_TestRamAddressDecode)
                  000a4cc0    000001c8                : drv_Csm_Mcu.obj (.CSM_CODE:Csm_Mcu_TestFlashDataECC)
                  000a4e88    00000008     --HOLE-- [fill = 00000000]
                  000a4e90    0000011c                : drv_Csm_Mcu.obj (.CSM_CODE:Csm_Mcu_TestFlashAddressBus1Parity)
                  000a4fac    00000004     --HOLE-- [fill = 00000000]
                  000a4fb0    000000c8                : drv_Csm_Mcu.obj (.CSM_CODE:Csm_Mcu_TestEepromECC)
                  000a5078    00000008     --HOLE-- [fill = 00000000]
                  000a5080    00000154                : drv_Csm_Dcc.obj (.CSM_CODE:Csm_Dcc_SelfTest)
                  000a51d4    0000000c     --HOLE-- [fill = 00000000]
                  000a51e0    0000002c                : drv_Csm_Mcu.obj (.CSM_CODE:Csm_Mcu_TestIommLock)
                  000a520c    00000004     --HOLE-- [fill = 00000000]
                  000a5210    00000040                : drv_Csm_Mcu.obj (.CSM_CODE:Csm_Mcu_IommClearErrorAndFaultStatus)
                  000a5250    000000d4                : drv_Csm_Mcu.obj (.CSM_CODE:Csm_Mcu_TestIommAddrProtError)
                  000a5324    0000000c     --HOLE-- [fill = 00000000]
                  000a5330    00000054                : drv_Csm_Spi.obj (.CSM_CODE:Csm_Spi_CalculateFun)
                  000a5384    0000000c     --HOLE-- [fill = 00000000]
                  000a5390    00000054                : drv_Csm_Spi.obj (.CSM_CODE:Csm_Spi_Update_Format)
                  000a53e4    0000000c     --HOLE-- [fill = 00000000]
                  000a53f0    00000218                : drv_Csm_Spi.obj (.CSM_CODE:Csm_Spi_Init)
                  000a5608    00000008     --HOLE-- [fill = 00000000]
                  000a5610    00000124                : drv_Csm_Spi.obj (.CSM_CODE:Csm_Spi_TestMibSpiRamParityDo)
                  000a5734    0000000c     --HOLE-- [fill = 00000000]
                  000a5740    00000028                : drv_Csm_Spi.obj (.CSM_CODE:Csm_Spi_TestMibSpiRamParity)
                  000a5768    00000008     --HOLE-- [fill = 00000000]
                  000a5770    00000060                : drv_Csm_Dio.obj (.CSM_CODE:Csm_Dio_CheckGroupsCfg)
                  000a57d0    00000060                : drv_Csm_Dio.obj (.CSM_CODE:Csm_Dio_CheckChannelsCfg)
                  000a5830    0000002c                : drv_Csm_Dio.obj (.CSM_CODE:Csm_Dio_CheckCfgParameters)
                  000a585c    00000004     --HOLE-- [fill = 00000000]
                  000a5860    0000005c                : drv_Csm_Dio.obj (.CSM_CODE:Csm_Dio_InitChannelSuppA)
                  000a58bc    00000004     --HOLE-- [fill = 00000000]
                  000a58c0    00000160                : drv_Csm_Dio.obj (.CSM_CODE:Csm_Dio_InitChannelSuppB)
                  000a5a20    00000064                : drv_Csm_Dio.obj (.CSM_CODE:Csm_Dio_InitChannel)
                  000a5a84    0000000c     --HOLE-- [fill = 00000000]
                  000a5a90    000001d0                : drv_Csm_Dio.obj (.CSM_CODE:Csm_Dio_Init)
                  000a5c60    0000009c                : drv_Csm_Dma.obj (.CSM_CODE:Csm_Dma_ConfigInterrupts)
                  000a5cfc    00000004     --HOLE-- [fill = 00000000]
                  000a5d00    00000138                : drv_Csm_Dma.obj (.CSM_CODE:Csm_Dma_configControlPacket)
                  000a5e38    00000008     --HOLE-- [fill = 00000000]
                  000a5e40    000000f8                : drv_Csm_Dma.obj (.CSM_CODE:Csm_Dma_configMPU)
                  000a5f38    00000008     --HOLE-- [fill = 00000000]
                  000a5f40    0000008c                : drv_Csm_Dma.obj (.CSM_CODE:Csm_Dma_Configure)
                  000a5fcc    00000004     --HOLE-- [fill = 00000000]
                  000a5fd0    0000008c                : drv_Csm_Dma.obj (.CSM_CODE:Csm_Dma_Init)
                  000a605c    00000004     --HOLE-- [fill = 00000000]
                  000a6060    00000060                : drv_Csm_Dma.obj (.CSM_CODE:Csm_Dma_TestMPU_initControlPacket0)
                  000a60c0    00000078                : drv_Csm_Dma.obj (.CSM_CODE:Csm_Dma_TestMPU_initMPconfig)
                  000a6138    00000008     --HOLE-- [fill = 00000000]
                  000a6140    00000064                : drv_Csm_Dma.obj (.CSM_CODE:Csm_Dma_changeConfigControlPacketMPU)
                  000a61a4    0000000c     --HOLE-- [fill = 00000000]
                  000a61b0    00000110                : drv_Csm_Dma.obj (.CSM_CODE:Csm_Dma_ClearIrqFlag)
                  000a62c0    00000078                : drv_Csm_Dma.obj (.CSM_CODE:Csm_Dma_ClearMpcFaultBit)
                  000a6338    00000008     --HOLE-- [fill = 00000000]
                  000a6340    00000034                : drv_Csm_Dma.obj (.CSM_CODE:Csm_Dma_clearAllMpcFaultBits)
                  000a6374    0000000c     --HOLE-- [fill = 00000000]
                  000a6380    00000028                : drv_Csm_Dma.obj (.CSM_CODE:Csm_Dma_TriggerDMA)
                  000a63a8    00000008     --HOLE-- [fill = 00000000]
                  000a63b0    00000114                : drv_Csm_Dma.obj (.CSM_CODE:Csm_Dma_GetIrqFlag)
                  000a64c4    0000000c     --HOLE-- [fill = 00000000]
                  000a64d0    00000010                : drv_Csm_Dma.obj (.CSM_CODE:Csm_Dma_GetMpcFaultBits)
                  000a64e0    0000003c                : drv_Csm_Dma.obj (.CSM_CODE:Csm_Dma_GoodMpuTest_CheckResults)
                  000a651c    00000004     --HOLE-- [fill = 00000000]
                  000a6520    0000009c                : drv_Csm_Dma.obj (.CSM_CODE:Csm_Dma_GoodMpuTest_TestRoutine)
                  000a65bc    00000004     --HOLE-- [fill = 00000000]
                  000a65c0    00000024                : drv_Csm_Dma.obj (.CSM_CODE:Csm_Dma_goodMpuTest)
                  000a65e4    0000000c     --HOLE-- [fill = 00000000]
                  000a65f0    00000088                : drv_Csm_Dma.obj (.CSM_CODE:Csm_Dma_CheckForAccessViolation)
                  000a6678    00000008     --HOLE-- [fill = 00000000]
                  000a6680    00000034                : drv_Csm_Dma.obj (.CSM_CODE:Csm_Dma_BadMpuTest_CheckResults)
                  000a66b4    0000000c     --HOLE-- [fill = 00000000]
                  000a66c0    000000d0                : drv_Csm_Dma.obj (.CSM_CODE:Csm_Dma_BadMpuTest_TestRoutine)
                  000a6790    00000028                : drv_Csm_Dma.obj (.CSM_CODE:Csm_Dma_badMpuTest)
                  000a67b8    00000008     --HOLE-- [fill = 00000000]
                  000a67c0    00000034                : drv_Csm_Dma.obj (.CSM_CODE:Csm_Dma_MPUtest6)
                  000a67f4    0000000c     --HOLE-- [fill = 00000000]
                  000a6800    00000048                : drv_Csm_Dma.obj (.CSM_CODE:Csm_Dma_MPUtest5)
                  000a6848    00000008     --HOLE-- [fill = 00000000]
                  000a6850    00000050                : drv_Csm_Dma.obj (.CSM_CODE:Csm_Dma_MPUtest4)
                  000a68a0    0000004c                : drv_Csm_Dma.obj (.CSM_CODE:Csm_Dma_MPUtest3)
                  000a68ec    00000004     --HOLE-- [fill = 00000000]
                  000a68f0    00000048                : drv_Csm_Dma.obj (.CSM_CODE:Csm_Dma_MPUtest2)
                  000a6938    00000008     --HOLE-- [fill = 00000000]
                  000a6940    00000028                : drv_Csm_Dma.obj (.CSM_CODE:Csm_Dma_MPUtest1)
                  000a6968    00000008     --HOLE-- [fill = 00000000]
                  000a6970    00000048                : drv_Csm_Dma.obj (.CSM_CODE:Csm_Dma_MPUstartTestChain)
                  000a69b8    00000008     --HOLE-- [fill = 00000000]
                  000a69c0    000000ac                : drv_Csm_Dma.obj (.CSM_CODE:Csm_Dma_ClearAllInterrupts)
                  000a6a6c    00000004     --HOLE-- [fill = 00000000]
                  000a6a70    0000003c                : drv_Csm_Dma.obj (.CSM_CODE:Csm_Dma_restoreBeforeTestMPU)
                  000a6aac    00000004     --HOLE-- [fill = 00000000]
                  000a6ab0    0000007c                : drv_Csm_Dma.obj (.CSM_CODE:Csm_Dma_TestMPU)
                  000a6b2c    00000004     --HOLE-- [fill = 00000000]
                  000a6b30    000000c4                : drv_Csm_Dma.obj (.CSM_CODE:Csm_Dma_TestRamParity)
                  000a6bf4    0000000c     --HOLE-- [fill = 00000000]
                  000a6c00    00000030                : drv_Csm_Dma.obj (.CSM_CODE:Csm_Dma_SetupTransfer)
                  000a6c30    00000174                : drv_Csm_Dma.obj (.CSM_CODE:Csm_Dma_BasicFuncTest_Intern)
                  000a6da4    0000000c     --HOLE-- [fill = 00000000]
                  000a6db0    00000110                : drv_Csm_Dma.obj (.CSM_CODE:Csm_Dma_BasicFunctionalityTest)
                  000a6ec0    000000f8                : drv_Csm_Dma.obj (.CSM_CODE:Csm_Dma_TestImpreciseRead)
                  000a6fb8    00000008     --HOLE-- [fill = 00000000]
                  000a6fc0    00000040                : drv_Csm_Can.obj (.CSM_CODE:selectChannel)
                  000a7000    0000006c                : drv_Csm_Can.obj (.CSM_CODE:Csm_Can_EnterInitMode)
                  000a706c    00000004     --HOLE-- [fill = 00000000]
                  000a7070    0000008c                : drv_Csm_Dcc.obj (.CSM_CODE:Csm_Dcc_CheckClockSource)
                  000a70fc    00000004     --HOLE-- [fill = 00000000]
                  000a7100    0000011c                : drv_Csm_Dcc.obj (.CSM_CODE:Csm_Dcc_Init)
                  000a721c    00000004     --HOLE-- [fill = 00000000]
                  000a7220    00000078                : drv_Csm_Dio.obj (.CSM_CODE:Csm_Dio_ReadChannel)
                  000a7298    00000008     --HOLE-- [fill = 00000000]
                  000a72a0    00000028                : drv_Csm_Dma.obj (.CSM_CODE:Csm_Dma_EnableHardwareTrigger)
                  000a72c8    00000008     --HOLE-- [fill = 00000000]
                  000a72d0    00000054                : drv_Csm_Nhet.obj (.CSM_CODE:Csm_Nhet_Init_TestRam)
                  000a7324    0000000c     --HOLE-- [fill = 00000000]
                  000a7330    00000018                : drv_Csm_Nhet.obj (.CSM_CODE:Csm_Nhet_GetConfigVal_regPFR)
                  000a7348    00000008     --HOLE-- [fill = 00000000]
                  000a7350    00000014                : drv_Csm_Nhet.obj (.CSM_CODE:Csm_Nhet_GetConfigVal_regHETSFPRLD)
                  000a7364    0000000c     --HOLE-- [fill = 00000000]
                  000a7370    000001f0                : drv_Csm_Nhet.obj (.CSM_CODE:Csm_Nhet_Init)
                  000a7560    00000134                : drv_Csm_Nhet.obj (.CSM_CODE:Csm_Nhet_TestRamParityNHET)
                  000a7694    0000000c     --HOLE-- [fill = 00000000]
                  000a76a0    00000108                : drv_Csm_Nhet.obj (.CSM_CODE:Csm_Nhet_TestRamParityHTU)
                  000a77a8    00000008     --HOLE-- [fill = 00000000]
                  000a77b0    00000034                : drv_Csm_Adc.obj (.CSM_CODE:Csm_Adc_GetConfigVal_regBNDCR)
                  000a77e4    0000000c     --HOLE-- [fill = 00000000]
                  000a77f0    00000128                : drv_Csm_Adc.obj (.CSM_CODE:Init_Unit)
                  000a7918    00000008     --HOLE-- [fill = 00000000]
                  000a7920    00000080                : drv_Csm_Adc.obj (.CSM_CODE:Csm_Adc_Init)
                  000a79a0    00000048                : drv_Csm_Adc.obj (.CSM_CODE:Csm_Adc_TestRamParitySup)
                  000a79e8    00000008     --HOLE-- [fill = 00000000]
                  000a79f0    000000e4                : drv_Csm_Adc.obj (.CSM_CODE:Csm_Adc_TestRamParity)
                  000a7ad4    0000000c     --HOLE-- [fill = 00000000]
                  000a7ae0    000000a4                : drv_Csm_Nhet.obj (.CSM_CODE:Csm_Nhet_SetPinDirection)
                  000a7b84    0000000c     --HOLE-- [fill = 00000000]
                  000a7b90    00000014                : drv_Csm_Nhet.obj (.CSM_CODE:Csm_Nhet_GetInstrPos)
                  000a7ba4    0000000c     --HOLE-- [fill = 00000000]
                  000a7bb0    0000012c                : drv_Csm_Nhet.obj (.CSM_CODE:Csm_Nhet_HTUSetup)
                  000a7cdc    00000004     --HOLE-- [fill = 00000000]
                  000a7ce0    00000194                : drv_Csm_Nhet.obj (.CSM_CODE:Csm_Nhet_AppendPrg)
                  000a7e74    0000000c     --HOLE-- [fill = 00000000]
                  000a7e80    0000002c                : drv_Csm_Mcu.obj (.CSM_CODE:Csm_Mcu_I_Bit_Count)
                  000a7eac    00000004     --HOLE-- [fill = 00000000]
                  000a7eb0    000000a8                : drv_Csm_Adc.obj (.CSM_CODE:Csm_Adc_ConfigureGroupSup)
                  000a7f58    00000008     --HOLE-- [fill = 00000000]
                  000a7f60    00000014                : drv_Csm_Adc.obj (.CSM_CODE:Csm_Adc_GetConfigVal_regSAMPDISC)
                  000a7f74    0000000c     --HOLE-- [fill = 00000000]
                  000a7f80    000000ac                : drv_Csm_Adc.obj (.CSM_CODE:Csm_Adc_GetConfigVal_regMODECR)
                  000a802c    00000004     --HOLE-- [fill = 00000000]
                  000a8030    00000028                : drv_Csm_Adc.obj (.CSM_CODE:Csm_Adc_GetConfigVal_regSRC)
                  000a8058    00000008     --HOLE-- [fill = 00000000]
                  000a8060    000000d8                : drv_Csm_Adc.obj (.CSM_CODE:Csm_Adc_ConfigureGroup)
                  000a8138    00000008     --HOLE-- [fill = 00000000]
                  000a8140    00000090                : drv_Csm_Adc.obj (.CSM_CODE:manipulate_group)
                  000a81d0    00000064                : drv_Csm_Adc.obj (.CSM_CODE:Csm_Adc_EnableHardwareTrigger)
                  000a8234    0000000c     --HOLE-- [fill = 00000000]
                  000a8240    00000364                : drv_Csm_Pwm.obj (.CSM_CODE:Csm_Pwm_Init_PWM)
                  000a85a4    0000000c     --HOLE-- [fill = 00000000]
                  000a85b0    0000007c                : drv_Csm_Pwm.obj (.CSM_CODE:Csm_Pwm_Init)
                  000a862c    00000004     --HOLE-- [fill = 00000000]
                  000a8630    0000002c                : drv_Csm_Pwm.obj (.CSM_CODE:Csm_Pwm_CheckInitAndChannel)
                  000a865c    00000004     --HOLE-- [fill = 00000000]
                  000a8660    0000002c                : drv_Csm_Nhet.obj (.CSM_CODE:Csm_Nhet_SetPinLevel)
                  000a868c    00000004     --HOLE-- [fill = 00000000]
                  000a8690    000000f0                : drv_Csm_Pwm.obj (.CSM_CODE:Csm_Pwm_DisableChannel)
                  000a8780    000001cc                : drv_Csm_Icu.obj (.CSM_CODE:Csm_Icu_InitDutyCycle_int)
                  000a894c    00000004     --HOLE-- [fill = 00000000]
                  000a8950    00000178                : drv_Csm_Icu.obj (.CSM_CODE:Csm_Icu_Init_DutyCycle)
                  000a8ac8    00000008     --HOLE-- [fill = 00000000]
                  000a8ad0    00000228                : drv_Csm_Icu.obj (.CSM_CODE:Csm_Icu_InitTimeStamp_int)
                  000a8cf8    00000008     --HOLE-- [fill = 00000000]
                  000a8d00    00000174                : drv_Csm_Icu.obj (.CSM_CODE:Csm_Icu_Init_EdgeCountTimestamp)
                  000a8e74    0000000c     --HOLE-- [fill = 00000000]
                  000a8e80    00000088                : drv_Csm_Icu.obj (.CSM_CODE:Csm_Icu_InitQE_addUpdateCounterInstr)
                  000a8f08    00000008     --HOLE-- [fill = 00000000]
                  000a8f10    000001fc                : drv_Csm_Icu.obj (.CSM_CODE:Csm_Icu_InitQE_3pins_special_addInstrBeforeBranch)
                  000a910c    00000004     --HOLE-- [fill = 00000000]
                  000a9110    0000018c                : drv_Csm_Icu.obj (.CSM_CODE:Csm_Icu_QE_add_branches_int)
                  000a929c    00000004     --HOLE-- [fill = 00000000]
                  000a92a0    000000b0                : drv_Csm_Icu.obj (.CSM_CODE:Csm_Icu_InitQE_add_branches)
                  000a9350    00000440                : drv_Csm_Icu.obj (.CSM_CODE:Csm_Icu_InitQE_3pins_special_int)
                  000a9790    00000298                : drv_Csm_Icu.obj (.CSM_CODE:Csm_Icu_InitQE_3pins_int)
                  000a9a28    00000008     --HOLE-- [fill = 00000000]
                  000a9a30    00000170                : drv_Csm_Icu.obj (.CSM_CODE:Csm_Icu_InitQE_2pins_int)
                  000a9ba0    000000d8                : drv_Csm_Icu.obj (.CSM_CODE:Csm_Icu_InitSimple_int)
                  000a9c78    00000008     --HOLE-- [fill = 00000000]
                  000a9c80    000001a4                : drv_Csm_Icu.obj (.CSM_CODE:Csm_Icu_Init)
                  000a9e24    0000000c     --HOLE-- [fill = 00000000]
                  000a9e30    00000038                : drv_Csm_Nhet.obj (.CSM_CODE:Csm_Nhet_EnableHTU)
                  000a9e68    00000008     --HOLE-- [fill = 00000000]
                  000a9e70    00000070                : drv_Csm_Nhet.obj (.CSM_CODE:Csm_Nhet_Start)
                  000a9ee0    00000014                : drv_Csm_Spi.obj (.CSM_CODE:Csm_Spi_SetTxRam_u16)
                  000a9ef4    0000000c     --HOLE-- [fill = 00000000]
                  000a9f00    00000084                : drv_Csm_Spi.obj (.CSM_CODE:Csm_Spi_GetBufferAddresses)
                  000a9f84    0000000c     --HOLE-- [fill = 00000000]
                  000a9f90    0000013c                : drv_Csm_Esc.obj (.CSM_CODE:Csm_Esc_setup_transfer_group)
                  000aa0cc    00000004     --HOLE-- [fill = 00000000]
                  000aa0d0    000000bc                : drv_Csm_Esc.obj (.CSM_CODE:.CSM_CODE_TRIGGERWATCHDOG:Csm_Esc_TxSingleCmd_WaitTxComplete)
                  000aa18c    00000004     --HOLE-- [fill = 00000000]
                  000aa190    00000060                : drv_Csm_Esc.obj (.CSM_CODE:.CSM_CODE_TRIGGERWATCHDOG:Csm_Esc_CheckDevStatusFlags)
                  000aa1f0    00000080                : drv_Csm_Esc.obj (.CSM_CODE:.CSM_CODE_TRIGGERWATCHDOG:Csm_Esc_TransmitTgSingleCmd)
                  000aa270    00000120                : drv_Csm_Esc.obj (.CSM_CODE:Csm_Esc_Init)
                  000aa390    00000194                : drv_Csm_Spi.obj (.CSM_CODE:Csm_Spi_GetRxRamEx_u16)
                  000aa524    0000000c     --HOLE-- [fill = 00000000]
                  000aa530    00000024                : drv_Csm_Spi.obj (.CSM_CODE:Csm_Spi_GetRxRam_u16)
                  000aa554    0000000c     --HOLE-- [fill = 00000000]
                  000aa560    0000033c                : drv_Csm_Esc.obj (.CSM_CODE:Csm_Esc_UpdateStatus)
                  000aa89c    00000004     --HOLE-- [fill = 00000000]
                  000aa8a0    0000005c                : drv_Csm_Esc.obj (.CSM_CODE:.CSM_CODE_TRIGGERWATCHDOG:Csm_Esc_direct_wav)
                  000aa8fc    00000004     --HOLE-- [fill = 00000000]
                  000aa900    00000390                : drv_Csm_Esc.obj (.CSM_CODE:Csm_Esc_Configure)
                  000aac90    00000024                : drv_Csm_Esm.obj (.CSM_CODE:Csm_Esm_CalcChecksum)
                  000aacb4    0000000c     --HOLE-- [fill = 00000000]
                  000aacc0    00000088                : drv_Csm_Esm.obj (.CSM_CODE:Csm_Esm_GetResetCause)
                  000aad48    00000008     --HOLE-- [fill = 00000000]
                  000aad50    0000009c                : drv_Csm_Esc.obj (.CSM_CODE:Csm_Esc_ClearErrors)
                  000aadec    00000004     --HOLE-- [fill = 00000000]
                  000aadf0    00000060                : drv_Csm_Esc.obj (.CSM_CODE:Csm_Esc_DisableDiagnosticModeTimeout)
                  000aae50    00000044                : drv_Csm_Esc.obj (.CSM_CODE:Csm_Esc_Set_Reg_Win1_Win2)
                  000aae94    0000000c     --HOLE-- [fill = 00000000]
                  000aaea0    0000008c                : drv_Csm_Esc.obj (.CSM_CODE:.CSM_CODE_TRIGGERWATCHDOG:Csm_Esc_SendWdtTokenResp0to2)
                  000aaf2c    00000004     --HOLE-- [fill = 00000000]
                  000aaf30    00000010                : drv_Csm_Esc.obj (.CSM_CODE:.CSM_CODE_TRIGGERWATCHDOG:Csm_Esc_TrigWdt_CheckForCorrectValue)
                  000aaf40    0000007c                : drv_Csm_Esc.obj (.CSM_CODE:.CSM_CODE_TRIGGERWATCHDOG:Csm_Esc_TrigWdt_StartNewTokenSeqRun)
                  000aafbc    00000004     --HOLE-- [fill = 00000000]
                  000aafc0    00000054                : drv_Csm_Esc.obj (.CSM_CODE:.CSM_CODE_TRIGGERWATCHDOG:Csm_Esc_TrigWdt_To_TooLate)
                  000ab014    0000000c     --HOLE-- [fill = 00000000]
                  000ab020    0000003c                : drv_Csm_Esc.obj (.CSM_CODE:.CSM_CODE_TRIGGERWATCHDOG:Csm_Esc_TrigWdt_To_BorderToOrTooEarly)
                  000ab05c    00000004     --HOLE-- [fill = 00000000]
                  000ab060    00000180                : drv_Csm_Esc.obj (.CSM_CODE:.CSM_CODE_TRIGGERWATCHDOG:Csm_Esc_TriggerWatchdog)
                  000ab1e0    0000012c                : drv_Csm_Esc.obj (.CSM_CODE:Csm_Esc_DecrementWdtFailureCounter)
                  000ab30c    00000004     --HOLE-- [fill = 00000000]
                  000ab310    00000044                : drv_Csm_Esc.obj (.CSM_CODE:Csm_Esc_SetWdtFailureFunc)
                  000ab354    0000000c     --HOLE-- [fill = 00000000]
                  000ab360    00000030                : drv_Csm_Esc.obj (.CSM_CODE:Csm_Esc_GetNext8BitOfDataStream)
                  000ab390    00000154                : drv_Csm_Esc.obj (.CSM_CODE:Csm_Esc_calculateDevCfgCrcChecksum)
                  000ab4e4    0000000c     --HOLE-- [fill = 00000000]
                  000ab4f0    00000050                : drv_Csm_Esc.obj (.CSM_CODE:Csm_Esc_SetBit_SAFETY_CHECK_CTRL__CFG_CRC_EN)
                  000ab540    0000004c                : drv_Csm_Esc.obj (.CSM_CODE:Csm_Esc_CheckDevCfgCrc)
                  000ab58c    00000004     --HOLE-- [fill = 00000000]
                  000ab590    00000050                : drv_Csm_Esc.obj (.CSM_CODE:Csm_Esc_SetBit_SAFETY_BIST_CTRL__EE_CRC_CHK)
                  000ab5e0    00000088                : drv_Csm_Esc.obj (.CSM_CODE:Csm_Esc_CheckEepromCrc)
                  000ab668    00000008     --HOLE-- [fill = 00000000]
                  000ab670    000000cc                : drv_Csm_Esc.obj (.CSM_CODE:Csm_Esc_CalcAndCheckCrc)
                  000ab73c    00000004     --HOLE-- [fill = 00000000]
                  000ab740    00000028                : drv_Csm_Esc.obj (.CSM_CODE:Csm_Esc_ActivateWriteAccessLockProtection)
                  000ab768    00000008     --HOLE-- [fill = 00000000]
                  000ab770    000000f4                : drv_Csm_Esc.obj (.CSM_CODE:Csm_Esc_Activate)
                  000ab864    0000000c     --HOLE-- [fill = 00000000]
                  000ab870    000000b0                : drv_Csm_Esm.obj (.CSM_CODE:Csm_Esm_ForceErrorPinState)
                  000ab920    00000070                : drv_Csm_Esc.obj (.CSM_CODE:Csm_Esc_DriverEnable)
                  000ab990    00000034                : drv_Csm_Vim.obj (.CSM_CODE:Csm_Vim_DisableInterrupt)
                  000ab9c4    0000000c     --HOLE-- [fill = 00000000]
                  000ab9d0    00000090                : drv_Csm_Can.obj (.CSM_CODE:check_BitTiming_Config)
                  000aba60    00000080                : drv_Csm_Can.obj (.CSM_CODE:check_Can_Config)
                  000abae0    00000094                : drv_Csm_Can.obj (.CSM_CODE:Csm_Can_EnterPowerDownMode)
                  000abb74    0000000c     --HOLE-- [fill = 00000000]
                  000abb80    00000024                : drv_Csm_Can.obj (.CSM_CODE:Csm_Can_EnterInitializationMode)
                  000abba4    0000000c     --HOLE-- [fill = 00000000]
                  000abbb0    0000003c                : drv_Csm_Can.obj (.CSM_CODE:Csm_Can_TestRamSection)
                  000abbec    00000004     --HOLE-- [fill = 00000000]
                  000abbf0    0000003c                : drv_Csm_Can.obj (.CSM_CODE:Csm_Can_InitRamSection)
                  000abc2c    00000004     --HOLE-- [fill = 00000000]
                  000abc30    00000010                : drv_Csm_Can.obj (.CSM_CODE:Csm_Can_GetIF12)
                  000abc40    000000bc                : drv_Csm_Can.obj (.CSM_CODE:Csm_Can_ClearMsgVal)
                  000abcfc    00000004     --HOLE-- [fill = 00000000]
                  000abd00    00000060                : drv_Csm_Can.obj (.CSM_CODE:Csm_Can_SetupBitTiming)
                  000abd60    000001e4                : drv_Csm_Can.obj (.CSM_CODE:Csm_Can_Init)
                  000abf44    0000000c     --HOLE-- [fill = 00000000]
                  000abf50    00000044                : drv_Csm_Can.obj (.CSM_CODE:check_ArbId_Mask)
                  000abf94    0000000c     --HOLE-- [fill = 00000000]
                  000abfa0    0000009c                : drv_Csm_Can.obj (.CSM_CODE:check_Message_Config)
                  000ac03c    00000004     --HOLE-- [fill = 00000000]
                  000ac040    00000070                : drv_Csm_Can.obj (.CSM_CODE:Csm_Can_SetFormat)
                  000ac0b0    0000011c                : drv_Csm_Can.obj (.CSM_CODE:Csm_Can_InitMsg)
                  000ac1cc    00000004     --HOLE-- [fill = 00000000]
                  000ac1d0    00000060                : drv_Csm_Can.obj (.CSM_CODE:Csm_Can_CheckCommon)
                  000ac230    0000001c                : drv_Csm_Can.obj (.CSM_CODE:Csm_Can_CheckCommonMsg)
                  000ac24c    00000004     --HOLE-- [fill = 00000000]
                  000ac250    000000c8                : drv_Csm_Can.obj (.CSM_CODE:Csm_Can_MsgStatus)
                  000ac318    00000008     --HOLE-- [fill = 00000000]
                  000ac320    00000058                : drv_Csm_Can.obj (.CSM_CODE:check_Data_Frame)
                  000ac378    00000008     --HOLE-- [fill = 00000000]
                  000ac380    0000002c                : drv_Csm_Can.obj (.CSM_CODE:Csm_Can_CheckMessageConfigured)
                  000ac3ac    00000004     --HOLE-- [fill = 00000000]
                  000ac3b0    00000134                : drv_Csm_Can.obj (.CSM_CODE:Csm_Can_WriteMsgReadData)
                  000ac4e4    0000000c     --HOLE-- [fill = 00000000]
                  000ac4f0    00000080                : drv_Csm_Can.obj (.CSM_CODE:Csm_Can_WriteMsgUpdateHw)
                  000ac570    00000094                : drv_Csm_Can.obj (.CSM_CODE:Csm_Can_WriteMsg)
                  000ac604    0000000c     --HOLE-- [fill = 00000000]
                  000ac610    00000070                : drv_Csm_Can.obj (.CSM_CODE:Csm_Can_WriteTransmitMsg)
                  000ac680    0000016c                : drv_Csm_Dio.obj (.CSM_CODE:Csm_Dio_CheckChannelDirCfg)
                  000ac7ec    00000004     --HOLE-- [fill = 00000000]
                  000ac7f0    000000a4                : drv_Csm_Dio.obj (.CSM_CODE:Csm_Dio_ReadBackChannelCfg)
                  000ac894    0000000c     --HOLE-- [fill = 00000000]
                  000ac8a0    000001d0                : drv_Csm_Dio.obj (.CSM_CODE:Csm_Dio_ReadBackCfg)
                  000aca70    00000224                : drv_Csm_Nhet.obj (.CSM_CODE:Csm_Nhet_ReadBackCfgNHET)
                  000acc94    0000000c     --HOLE-- [fill = 00000000]
                  000acca0    000001a0                : drv_Csm_Nhet.obj (.CSM_CODE:Csm_Nhet_ReadBackCfgHTU)
                  000ace40    000001cc                : drv_Csm_Mcu.obj (.CSM_CODE:Csm_Mcu_ReadBackPllConfig)
                  000ad00c    00000004     --HOLE-- [fill = 00000000]
                  000ad010    00000054                : drv_Csm_Mcu.obj (.CSM_CODE:Csm_Mcu_ReadBackIommCfg)
                  000ad064    0000000c     --HOLE-- [fill = 00000000]
                  000ad070    000001e4                : drv_Csm_Mcu.obj (.CSM_CODE:Csm_Mcu_ReadBackCfg_Base)
                  000ad254    0000000c     --HOLE-- [fill = 00000000]
                  000ad260    00000078                : drv_Csm_Mcu.obj (.CSM_CODE:Csm_Mcu_ReadBackCfg_Flash)
                  000ad2d8    00000008     --HOLE-- [fill = 00000000]
                  000ad2e0    00000020                : drv_Csm_Mcu.obj (.CSM_CODE:Csm_Mcu_ReadBackCfg)
                  000ad300    000000cc                : drv_Csm_Esm.obj (.CSM_CODE:Csm_Esm_ReadBackCfg)
                  000ad3cc    00000018                : drv_asm_Csm_Mcu_Core.obj (.CSM_CODE:Csm_Mcu_Vim_Read_HW_Vec_Mode_Asm)
                  000ad3e4    0000000c     --HOLE-- [fill = 00000000]
                  000ad3f0    00000004                : drv_Csm_Vim.obj (.CSM_CODE:Csm_Mcu_Vim_Read_HW_Vec_Mode)
                  000ad3f4    0000000c     --HOLE-- [fill = 00000000]
                  000ad400    00000140                : drv_Csm_Vim.obj (.CSM_CODE:Csm_Vim_ReadBackCfg)
                  000ad540    0000018c                : drv_Csm_Dma.obj (.CSM_CODE:Csm_Dma_ReadBackInterruptsCfg)
                  000ad6cc    00000004     --HOLE-- [fill = 00000000]
                  000ad6d0    000001a0                : drv_Csm_Dma.obj (.CSM_CODE:Csm_Dma_ReadBackCtrlPacketCfg)
                  000ad870    00000150                : drv_Csm_Dma.obj (.CSM_CODE:Csm_Dma_ReadBackMPUCfg)
                  000ad9c0    000000c4                : drv_Csm_Dma.obj (.CSM_CODE:Csm_Dma_ReadBackCfg)
                  000ada84    0000000c     --HOLE-- [fill = 00000000]
                  000ada90    00000028                : drv_Csm_Adc.obj (.CSM_CODE:Csm_Adc_ReadBackCfgSup)
                  000adab8    00000008     --HOLE-- [fill = 00000000]
                  000adac0    00000180                : drv_Csm_Adc.obj (.CSM_CODE:Csm_Adc_ReadUnit)
                  000adc40    0000010c                : drv_Csm_Adc.obj (.CSM_CODE:Csm_Adc_ReadHwGroup)
                  000add4c    00000004     --HOLE-- [fill = 00000000]
                  000add50    0000008c                : drv_Csm_Adc.obj (.CSM_CODE:Csm_Adc_ReadBackCfg)
                  000adddc    00000004     --HOLE-- [fill = 00000000]
                  000adde0    00000338                : drv_Csm_Spi.obj (.CSM_CODE:Csm_Spi_ReadBackCfg)
                  000ae118    00000008     --HOLE-- [fill = 00000000]
                  000ae120    00000068                : drv_Csm_Esm.obj (.CSM_CODE:Csm_Esm_StoreResetCause)
                  000ae188    00000008     --HOLE-- [fill = 00000000]
                  000ae190    00000028                : drv_Csm_Esm.obj (.CSM_CODE:Csm_Esm_ForceErrorEndlessLoop)
                  000ae1b8    00000008     --HOLE-- [fill = 00000000]
                  000ae1c0    0000002c                : drv_Csm_Vim.obj (.CSM_CODE:Csm_Vim_PhantomInterrupt)
                  000ae1ec    00000004     --HOLE-- [fill = 00000000]
                  000ae1f0    00000038                : drv_Csm_Vim.obj (.CSM_CODE:Csm_Vim_PhantomInterrupt_ISR)
                  000ae228    00000008     --HOLE-- [fill = 00000000]
                  000ae230    000000a4                : drv_Csm_Esm.obj (.CSM_CODE:Csm_Esm_GetCategoryAndMask)
                  000ae2d4    0000000c     --HOLE-- [fill = 00000000]
                  000ae2e0    000000c8                : drv_Csm_Esm.obj (.CSM_CODE:Csm_Esm_CheckIntHiCrossover)
                  000ae3a8    00000008     --HOLE-- [fill = 00000000]
                  000ae3b0    00000068                : drv_Csm_Esm.obj (.CSM_CODE:Csm_Esm_GetErrorPinAction)
                  000ae418    00000008     --HOLE-- [fill = 00000000]
                  000ae420    00000290                : drv_Csm_Esm.obj (.CSM_CODE:Csm_Esm_HighLevel)
                  000ae6b0    000000ac                : drv_Csm_Esm.obj (.CSM_CODE:Csm_Esm_CheckIntLoCrossover)
                  000ae75c    00000004     --HOLE-- [fill = 00000000]
                  000ae760    000001f4                : drv_Csm_Esm.obj (.CSM_CODE:Csm_Esm_LowLevel)
                  000ae954    0000000c     --HOLE-- [fill = 00000000]
                  000ae960    00000038                : drv_Csm_Nhet.obj (.CSM_CODE:Csm_Nhet_ReadOffsetIndexLevel1)
                  000ae998    00000008     --HOLE-- [fill = 00000000]
                  000ae9a0    00000028                : drv_Csm_Nhet.obj (.CSM_CODE:Csm_Nhet_ReturnLRP)
                  000ae9c8    00000008     --HOLE-- [fill = 00000000]
                  000ae9d0    00000020                : drv_Csm_Pwm.obj (.CSM_CODE:Csm_Pwm_GetDutyCycle_Intern)
                  000ae9f0    00000014                : drv_Csm_Pwm.obj (.CSM_CODE:Csm_Pwm_GetPeriod_Intern)
                  000aea04    0000000c     --HOLE-- [fill = 00000000]
                  000aea10    000000dc                : drv_Csm_Pwm.obj (.CSM_CODE:Csm_Pwm_GetDutyCycleOrPeriod)
                  000aeaec    00000004     --HOLE-- [fill = 00000000]
                  000aeaf0    0000000c                : drv_Csm_Pwm.obj (.CSM_CODE:Csm_Pwm_GetDutyCycle)
                  000aeafc    00000004     --HOLE-- [fill = 00000000]
                  000aeb00    00000090                : drv_Csm_Dio.obj (.CSM_CODE:Csm_Dio_ChangeDirection)
                  000aeb90    00000038                : drv_Csm_Nhet.obj (.CSM_CODE:Csm_Nhet_ReadOffsetIndexLevel2)
                  000aebc8    00000008     --HOLE-- [fill = 00000000]
                  000aebd0    00000028                : drv_Csm_Dma.obj (.CSM_CODE:Csm_Dma_DisableHardwareTrigger)
                  000aebf8    00000008     --HOLE-- [fill = 00000000]
                  000aec00    00000028                : drv_Csm_Esc.obj (.CSM_CODE:Csm_Esc_PowerDown_ClrCANWUL)
                  000aec28    00000008     --HOLE-- [fill = 00000000]
                  000aec30    00000068                : drv_Csm_Esc.obj (.CSM_CODE:Csm_Esc_ForceTpsReset)
                  000aec98    00000008     --HOLE-- [fill = 00000000]
                  000aeca0    0000005c                : drv_Csm_Pwm.obj (.CSM_CODE:Csm_Pwm_CheckInitChannelDisableAndDC)
                  000aecfc    00000004     --HOLE-- [fill = 00000000]
                  000aed00    000000ac                : drv_Csm_Pwm.obj (.CSM_CODE:Csm_Pwm_SetPeriodAndDuty_Period)
                  000aedac    00000004     --HOLE-- [fill = 00000000]
                  000aedb0    00000180                : drv_Csm_Pwm.obj (.CSM_CODE:Csm_Pwm_SetPeriodAndDuty_Intern)
                  000aef30    00000028                : drv_Csm_Pwm.obj (.CSM_CODE:Csm_Pwm_SetDutyCycle)
                  000aef58    00000008     --HOLE-- [fill = 00000000]
                  000aef60    00000050                : drv_Csm_Pwm.obj (.CSM_CODE:Csm_Pwm_SetPeriodAndDuty)
                  000aefb0    0000010c                : drv_Csm_Pwm.obj (.CSM_CODE:Csm_Pwm_EnableChannel)
                  000af0bc    00000004     --HOLE-- [fill = 00000000]
                  000af0c0    00000194                : drv_Csm_Spi.obj (.CSM_CODE:Csm_Spi_GetRxRamEx_u8)
                  000af254    0000000c     --HOLE-- [fill = 00000000]
                  000af260    00000024                : drv_Csm_Spi.obj (.CSM_CODE:Csm_Spi_GetRxRam_u8)
                  000af284    0000000c     --HOLE-- [fill = 00000000]
                  000af290    00000030                : drv_Csm_Dma.obj (.CSM_CODE:Csm_Dma_GetDmaStatAndChanPend)
                  000af2c0    00000048                : drv_Csm_Dma.obj (.CSM_CODE:Csm_Dma_PortBActiveChannelInfo)
                  000af308    00000048                : drv_asm_Csm_Mcu_Core.obj (.CSM_CODE:Csm_Mcu_GetFpuExceptionFlags)
                  000af350    00000070                : drv_Csm_Vim.obj (.CSM_CODE:Csm_Vim_WriteInterruptVectorTable)
                  000af3c0    00000050                : drv_Csm_Vim.obj (.CSM_CODE:Csm_Vim_GetParityError)
                  000af410    000000e0                : drv_Csm_Vim.obj (.CSM_CODE:Csm_Vim_TestRamParityFallback)
                  000af4f0    00000038                : drv_Csm_Vim.obj (.CSM_CODE:Csm_Vim_TestRamParityFb_ISR)
                  000af528    00000008     --HOLE-- [fill = 00000000]

.csm_const 
*          0    000af530    00000908     
                  000af530    000001b0     ttc500.lib : drv_het_ADC_MUX_nhet_prg.obj (.CSM_CONST)
                  000af6e0    00000170                : drv_het_ICU_QE_3pins_special_highres_prg.obj (.CSM_CONST)
                  000af850    00000100                : drv_Csm_Esc.obj (.CSM_CONST)
                  000af950    000000e0                : drv_het_ICU_QE_3pins_highres_prg.obj (.CSM_CONST)
                  000afa30    000000c0                : drv_het_ICU_QE_2pins_highres_prg.obj (.CSM_CONST)
                  000afaf0    000000b0                : drv_het_PWM_GPIO_prg.obj (.CSM_CONST)
                  000afba0    00000080                : drv_Csm_Esc.obj (.CSM_CONST:.CSM_CONST_TRIGGERWATCHDOG)
                  000afc20    00000078                : drv_Csm_Spi.obj (.CSM_CONST:.CSM_CONST_TRIGGERWATCHDOG)
                  000afc98    00000050                : drv_het_Interrupt_prg.obj (.CSM_CONST)
                  000afce8    00000050                : drv_het_PWM_output_prg.obj (.CSM_CONST)
                  000afd38    00000040                : drv_Csm_Nhet.obj (.CSM_CONST)
                  000afd78    00000040                : drv_het_ICU_dutycycle_prg.obj (.CSM_CONST)
                  000afdb8    00000030                : drv_het_ICU_timestamp_edgecounter_prg.obj (.CSM_CONST)
                  000afde8    00000020                : drv_Csm_Adc.obj (.CSM_CONST)
                  000afe08    00000020                : drv_het_PWM_SSW_prg.obj (.CSM_CONST)
                  000afe28    00000010                : drv_het_ICU_simple_prg.obj (.CSM_CONST)

.io_driver_code 
*          0    000afe40    00018b10     
                  000afe40    00000004     bsp.lib : bsp_sys_startup.obj (.IO_DRIVER_CODE:RAM_Fail)
                  000afe44    00000020     ttc500.lib : drv_asm_IO_INT_MPU_ASM.obj (.IO_DRIVER_CODE:_mpuDisable_)
                  000afe64    00000018                : drv_asm_IO_INT_MPU_ASM.obj (.IO_DRIVER_CODE:_mpuDisableBackgroundRegion_)
                  000afe7c    00000008                : drv_asm_IO_INT_MPU_ASM.obj (.IO_DRIVER_CODE:_mpuSetRegion_)
                  000afe84    00000008                : drv_asm_IO_INT_MPU_ASM.obj (.IO_DRIVER_CODE:_mpuSetRegionBaseAddress_)
                  000afe8c    00000008                : drv_asm_IO_INT_MPU_ASM.obj (.IO_DRIVER_CODE:_mpuSetRegionTypeAndPermission_)
                  000afe94    00000008                : drv_asm_IO_INT_MPU_ASM.obj (.IO_DRIVER_CODE:_mpuSetRegionSizeAndEnable_)
                  000afe9c    00000004     --HOLE-- [fill = 00000000]
                  000afea0    00000064                : drv_IO_INT_MPU.obj (.IO_DRIVER_CODE:IO_INT_MPU_SetupRegion)
                  000aff04    00000018                : drv_asm_IO_INT_MPU_ASM.obj (.IO_DRIVER_CODE:_mpuEnableBackgroundRegion_)
                  000aff1c    00000020                : drv_asm_IO_INT_MPU_ASM.obj (.IO_DRIVER_CODE:_mpuEnable_)
                  000aff3c    00000004     --HOLE-- [fill = 00000000]
                  000aff40    0000005c                : drv_IO_INT_MPU.obj (.IO_DRIVER_CODE:IO_INT_MPU_Init)
                  000aff9c    00000004     --HOLE-- [fill = 00000000]
                  000affa0    000001c4                : drv_IO_INT_EMIF.obj (.IO_DRIVER_CODE:IO_INT_EMIF_UpdateTimings)
                  000b0164    00000008                : drv_asm_IO_INT_MPU_ASM.obj (.IO_DRIVER_CODE:_mpuGetRegionSizeAndEnable_)
                  000b016c    00000004     --HOLE-- [fill = 00000000]
                  000b0170    00000138                : drv_IO_INT_EMIF.obj (.IO_DRIVER_CODE:IO_INT_EMIF_Init)
                  000b02a8    00000008     --HOLE-- [fill = 00000000]
                  000b02b0    00000254     bsp.lib : bsp_sys_startup.obj (.IO_DRIVER_CODE:stack_init)
                  000b0504    0000000c     ttc500.lib : drv_asm_IO_INT_VEC_swi_ASM.obj (.IO_DRIVER_CODE:_io_swi_handler)
                  000b0510    00000088     bsp.lib : bsp_sys_startup.obj (.IO_DRIVER_CODE:heap_init)
                  000b0598    00000008     --HOLE-- [fill = 00000000]
                  000b05a0    0000000c             : bsp_sys_startup.obj (.IO_DRIVER_CODE:get_shared_memory)
                  000b05ac    00000004     --HOLE-- [fill = 00000000]
                  000b05b0    00000140             : bsp_sys_startup.obj (.IO_DRIVER_CODE:mem_init)
                  000b06f0    0000007c     ttc500.lib : drv_IO_Driver.obj (.IO_DRIVER_CODE:IO_Driver_CheckSafetyConf)
                  000b076c    00000004     --HOLE-- [fill = 00000000]
                  000b0770    000000bc                : drv_IO_INT_RTC.obj (.IO_DRIVER_CODE:IO_INT_RTC_SetupFrc)
                  000b082c    00000004     --HOLE-- [fill = 00000000]
                  000b0830    00000040                : drv_IO_INT_RTC.obj (.IO_DRIVER_CODE:IO_INT_RTC_Init)
                  000b0870    00000098                : drv_IO_Driver.obj (.IO_DRIVER_CODE:IO_Driver_Enter_Critical_All)
                  000b0908    00000008     --HOLE-- [fill = 00000000]
                  000b0910    0000001c                : drv_DIAG_INT_ErrorHandler.obj (.IO_DRIVER_CODE:DIAG_ERR_GetType)
                  000b092c    00000004     --HOLE-- [fill = 00000000]
                  000b0930    00000134                : drv_DIAG_INT_ErrorHandler.obj (.IO_DRIVER_CODE:DIAG_ERR_HandleTempErr)
                  000b0a64    0000000c     --HOLE-- [fill = 00000000]
                  000b0a70    00000054                : drv_IO_Driver.obj (.IO_DRIVER_CODE:IO_Driver_Enter_Critical_IRQ)
                  000b0ac4    0000000c     --HOLE-- [fill = 00000000]
                  000b0ad0    00000068                : drv_IO_Driver.obj (.IO_DRIVER_CODE:IO_Driver_Leave_Critical_IRQ)
                  000b0b38    00000008     --HOLE-- [fill = 00000000]
                  000b0b40    00000054                : drv_IO_INT_WD.obj (.IO_DRIVER_CODE:IO_INT_WD_TPS_GetStatusAsync)
                  000b0b94    0000000c     --HOLE-- [fill = 00000000]
                  000b0ba0    000000c4                : drv_IO_INT_WD.obj (.IO_DRIVER_CODE:IO_INT_WD_GetStatus)
                  000b0c64    0000000c     --HOLE-- [fill = 00000000]
                  000b0c70    00000084                : drv_IO_POWER.obj (.IO_DRIVER_CODE:IO_POWER_DisableSSWOutputs)
                  000b0cf4    0000000c     --HOLE-- [fill = 00000000]
                  000b0d00    000000c8                : drv_IO_Driver.obj (.IO_DRIVER_CODE:IO_Driver_Leave_Critical_All)
                  000b0dc8    00000008     --HOLE-- [fill = 00000000]
                  000b0dd0    00000040                : drv_IO_INT_SPI.obj (.IO_DRIVER_CODE:IO_INT_SPI_Async_TriggerTransmission)
                  000b0e10    000000d8                : drv_IO_INT_SHIFT.obj (.IO_DRIVER_CODE:IO_INT_SHIFT_Write)
                  000b0ee8    00000008     --HOLE-- [fill = 00000000]
                  000b0ef0    000001bc                : drv_IO_DIO.obj (.IO_DRIVER_CODE:IO_DO_WriteOutput)
                  000b10ac    00000004     --HOLE-- [fill = 00000000]
                  000b10b0    0000007c                : drv_IO_INT_PWM.obj (.IO_DRIVER_CODE:IO_INT_PWM_SSW_Disable)
                  000b112c    00000004     --HOLE-- [fill = 00000000]
                  000b1130    00000078                : drv_IO_INT_PWM.obj (.IO_DRIVER_CODE:IO_INT_PWM_SSW_Enable)
                  000b11a8    00000008     --HOLE-- [fill = 00000000]
                  000b11b0    000000a0                : drv_IO_POWER.obj (.IO_DRIVER_CODE:IO_POWER_EnableSSWOutputs)
                  000b1250    000003e0                : drv_IO_POWER.obj (.IO_DRIVER_CODE:IO_POWER_WriteMode)
                  000b1630    000000c0                : drv_DIAG_INT_ErrorHandler.obj (.IO_DRIVER_CODE:DIAG_ERR_DisableSafetySwitch)
                  000b16f0    000000e8                : drv_DIAG_INT_ErrorHandler.obj (.IO_DRIVER_CODE:DIAG_ERR_DisableSafeHS)
                  000b17d8    00000008     --HOLE-- [fill = 00000000]
                  000b17e0    000000ac                : drv_IO_INT_SPI.obj (.IO_DRIVER_CODE:IO_INT_SPI_GetConfigItems)
                  000b188c    00000004     --HOLE-- [fill = 00000000]
                  000b1890    00000074                : drv_IO_INT_SPI.obj (.IO_DRIVER_CODE:IO_INT_SPI_GetFormat)
                  000b1904    0000000c     --HOLE-- [fill = 00000000]
                  000b1910    000001a0                : drv_IO_INT_SPI.obj (.IO_DRIVER_CODE:IO_INT_SPI_Async_Write)
                  000b1ab0    00000058                : drv_IO_INT_SHIFT.obj (.IO_DRIVER_CODE:IO_INT_SHIFT_Sync)
                  000b1b08    00000008     --HOLE-- [fill = 00000000]
                  000b1b10    00000190                : drv_DIAG_INT_ErrorHandler.obj (.IO_DRIVER_CODE:DIAG_ERR_HandleAppCallback)
                  000b1ca0    00000128                : drv_DIAG_INT_States.obj (.IO_DRIVER_CODE:DIAG_CpuSafeState)
                  000b1dc8    00000008     --HOLE-- [fill = 00000000]
                  000b1dd0    00000014                : drv_DIAG_INT_States.obj (.IO_DRIVER_CODE:DIAG_RequestSafeState)
                  000b1de4    0000000c     --HOLE-- [fill = 00000000]
                  000b1df0    00000074                : drv_DIAG_INT_ErrorHandler.obj (.IO_DRIVER_CODE:DIAG_ERR_HandleAppNotify)
                  000b1e64    0000000c     --HOLE-- [fill = 00000000]
                  000b1e70    0000015c                : drv_DIAG_INT_ErrorHandler.obj (.IO_DRIVER_CODE:DIAG_ERR_Notify)
                  000b1fcc    00000004     --HOLE-- [fill = 00000000]
                  000b1fd0    00000020                : drv_DIAG_INT_SSW_Check.obj (.IO_DRIVER_CODE:DIAG_SSW_ModuleInit)
                  000b1ff0    0000001c                : drv_DIAG_INT_ADC_Check.obj (.IO_DRIVER_CODE:DIAG_ADC_ModuleInit)
                  000b200c    00000004     --HOLE-- [fill = 00000000]
                  000b2010    0000001c                : drv_DIAG_INT_PWM_Check.obj (.IO_DRIVER_CODE:DIAG_PWM_ModuleInit)
                  000b202c    00000004     --HOLE-- [fill = 00000000]
                  000b2030    0000002c                : drv_DIAG_INT_DIO_Check.obj (.IO_DRIVER_CODE:DIAG_DIO_ModuleInit)
                  000b205c    00000004     --HOLE-- [fill = 00000000]
                  000b2060    00000014                : drv_DIAG_INT_VMON_Check.obj (.IO_DRIVER_CODE:DIAG_VMON_ModuleInit)
                  000b2074    0000000c     --HOLE-- [fill = 00000000]
                  000b2080    00000024                : drv_DIAG_INT_ENTR_Check.obj (.IO_DRIVER_CODE:DIAG_ENTR_ModuleInit)
                  000b20a4    0000000c     --HOLE-- [fill = 00000000]
                  000b20b0    00000110                : drv_DIAG_INT_States.obj (.IO_DRIVER_CODE:DIAG_Init)
                  000b21c0    00000028                : drv_IO_INT_CRYPT.obj (.IO_DRIVER_CODE:IO_INT_CRYPT_ubyte4_to_bytes)
                  000b21e8    00000008     --HOLE-- [fill = 00000000]
                  000b21f0    00000030                : drv_IO_INT_CRYPT.obj (.IO_DRIVER_CODE:IO_INT_CRYPT_bytes_to_ubyte4)
                  000b2220    000003a0                : drv_IO_INT_CRYPT.obj (.IO_DRIVER_CODE:IO_INT_CRYPT_md5hash)
                  000b25c0    00000084                : drv_IO_INT_SHM.obj (.IO_DRIVER_CODE:IO_INT_SHM_VerifyIntegrity)
                  000b2644    0000000c     --HOLE-- [fill = 00000000]
                  000b2650    00000060                : drv_IO_INT_SHM.obj (.IO_DRIVER_CODE:IO_INT_SHM_Init)
                  000b26b0    00000018                : drv_DIAG_INT_Core.obj (.IO_DRIVER_CODE:DIAG_INT_GetFlashStatus)
                  000b26c8    00000008     --HOLE-- [fill = 00000000]
                  000b26d0    00000018                : drv_DIAG_INT_Core.obj (.IO_DRIVER_CODE:DIAG_INT_GetRamB0Status)
                  000b26e8    00000008     --HOLE-- [fill = 00000000]
                  000b26f0    00000018                : drv_DIAG_INT_Core.obj (.IO_DRIVER_CODE:DIAG_INT_GetRamB1Status)
                  000b2708    00000008     --HOLE-- [fill = 00000000]
                  000b2710    00000124                : drv_IO_INT_ESM.obj (.IO_DRIVER_CODE:IO_INT_ESM_CheckCat1LowStatus)
                  000b2834    0000000c     --HOLE-- [fill = 00000000]
                  000b2840    00000018                : drv_DIAG_INT_Core.obj (.IO_DRIVER_CODE:DIAG_INT_GetCfgFlashStatus)
                  000b2858    00000008     --HOLE-- [fill = 00000000]
                  000b2860    000000b8                : drv_IO_INT_ESM.obj (.IO_DRIVER_CODE:IO_INT_ESM_CheckCat1HighStatus)
                  000b2918    00000008     --HOLE-- [fill = 00000000]
                  000b2920    00000080                : drv_IO_INT_SHM.obj (.IO_DRIVER_CODE:IO_INT_SHM_Read)
                  000b29a0    000000e0                : drv_IO_INT_ESM.obj (.IO_DRIVER_CODE:IO_INT_ESM_CheckEsmInitStatus)
                  000b2a80    0000005c                : drv_IO_INT_SHM.obj (.IO_DRIVER_CODE:IO_INT_SHM_GenIntegrityInfo)
                  000b2adc    00000004     --HOLE-- [fill = 00000000]
                  000b2ae0    000000a4                : drv_IO_INT_SHM.obj (.IO_DRIVER_CODE:IO_INT_SHM_Write)
                  000b2b84    0000000c     --HOLE-- [fill = 00000000]
                  000b2b90    00000084                : drv_IO_Driver.obj (.IO_DRIVER_CODE:IO_Driver_VEC_Init)
                  000b2c14    0000000c     --HOLE-- [fill = 00000000]
                  000b2c20    00000084                : drv_IO_Tools.obj (.IO_DRIVER_CODE:IO_Tools_CalcCRC)
                  000b2ca4    0000000c     --HOLE-- [fill = 00000000]
                  000b2cb0    00000074                : drv_IO_INT_Variant.obj (.IO_DRIVER_CODE:IO_INT_Variant_CheckProdData)
                  000b2d24    0000000c     --HOLE-- [fill = 00000000]
                  000b2d30    00000064                : drv_IO_INT_Variant.obj (.IO_DRIVER_CODE:IO_INT_Variant_CheckSerial)
                  000b2d94    0000000c     --HOLE-- [fill = 00000000]
                  000b2da0    00000034                : drv_IO_INT_Variant.obj (.IO_DRIVER_CODE:IO_INT_Variant_CheckCRC)
                  000b2dd4    0000000c     --HOLE-- [fill = 00000000]
                  000b2de0    0000010c                : drv_IO_INT_Variant.obj (.IO_DRIVER_CODE:IO_INT_Variant_GetProdCode)
                  000b2eec    00000004     --HOLE-- [fill = 00000000]
                  000b2ef0    00000058                : drv_IO_INT_Variant.obj (.IO_DRIVER_CODE:IO_INT_Variant_ProdCodeComp_HW)
                  000b2f48    00000008     --HOLE-- [fill = 00000000]
                  000b2f50    0000004c                : drv_IO_INT_Variant.obj (.IO_DRIVER_CODE:IO_INT_Variant_ProdCodeComp_SW)
                  000b2f9c    00000004     --HOLE-- [fill = 00000000]
                  000b2fa0    000000d8                : drv_IO_INT_Variant.obj (.IO_DRIVER_CODE:IO_INT_Variant_Decode)
                  000b3078    00000008     --HOLE-- [fill = 00000000]
                  000b3080    00000038                : drv_IO_INT_Variant.obj (.IO_DRIVER_CODE:IO_INT_Variant_Write)
                  000b30b8    00000008     --HOLE-- [fill = 00000000]
                  000b30c0    00000064                : drv_IO_INT_Variant.obj (.IO_DRIVER_CODE:IO_INT_Variant_Read)
                  000b3124    0000000c     --HOLE-- [fill = 00000000]
                  000b3130    000000b4                : drv_IO_INT_Variant.obj (.IO_DRIVER_CODE:IO_INT_Variant_GetVariantCfg)
                  000b31e4    0000000c     --HOLE-- [fill = 00000000]
                  000b31f0    00000150                : drv_IO_INT_Variant.obj (.IO_DRIVER_CODE:IO_INT_Variant_Init)
                  000b3340    00000074                : drv_IO_INT_Variant.obj (.IO_DRIVER_CODE:IO_INT_Variant_GetPinAvail_Option)
                  000b33b4    0000000c     --HOLE-- [fill = 00000000]
                  000b33c0    00000070                : drv_IO_INT_Variant.obj (.IO_DRIVER_CODE:IO_INT_Variant_GetPinAvail_IO)
                  000b3430    00000064                : drv_IO_ADC.obj (.IO_DRIVER_CODE:IO_ADC_VariantInit)
                  000b3494    0000000c     --HOLE-- [fill = 00000000]
                  000b34a0    00000010                : drv_IO_Driver.obj (.IO_DRIVER_CODE:IO_Driver_EnableInterrupts)
                  000b34b0    0000000c     bsp.lib : bsp_sys_startup.obj (.IO_DRIVER_CODE:get_mcu_configuration)
                  000b34bc    00000004     --HOLE-- [fill = 00000000]
                  000b34c0    0000004c     ttc500.lib : drv_DIAG_INT_Core.obj (.IO_DRIVER_CODE:DIAG_INT_VimParityTest)
                  000b350c    00000020                : drv_asm_IO_INT_DEBUG_ASM.obj (.IO_DRIVER_CODE:IO_INT_DEBUG_ReadDbgBaseAddr)
                  000b352c    00000004     --HOLE-- [fill = 00000000]
                  000b3530    0000007c                : drv_IO_INT_DEBUG.obj (.IO_DRIVER_CODE:IO_INT_DEBUG_MaskDAbort)
                  000b35ac    00000004     --HOLE-- [fill = 00000000]
                  000b35b0    00000504                : drv_DIAG_INT_Core.obj (.IO_DRIVER_CODE:DIAG_INT_CoreInit)
                  000b3ab4    0000000c     --HOLE-- [fill = 00000000]
                  000b3ac0    00000080                : drv_IO_INT_SPI.obj (.IO_DRIVER_CODE:IO_INT_SPI_Init)
                  000b3b40    00000080                : drv_DIAG_INT_Core.obj (.IO_DRIVER_CODE:DIAG_INT_SpiParityTest)
                  000b3bc0    0000004c                : drv_DIAG_INT_Core.obj (.IO_DRIVER_CODE:DIAG_INT_DmaMpuTest)
                  000b3c0c    00000004     --HOLE-- [fill = 00000000]
                  000b3c10    0000004c                : drv_DIAG_INT_Core.obj (.IO_DRIVER_CODE:DIAG_INT_DmaParityTest)
                  000b3c5c    00000004     --HOLE-- [fill = 00000000]
                  000b3c60    000000dc                : drv_DIAG_INT_Core.obj (.IO_DRIVER_CODE:DIAG_INT_DmaBasicTest)
                  000b3d3c    00000004     --HOLE-- [fill = 00000000]
                  000b3d40    00000084                : drv_IO_Driver.obj (.IO_DRIVER_CODE:IO_Driver_DMA_Init)
                  000b3dc4    0000000c     --HOLE-- [fill = 00000000]
                  000b3dd0    0000004c                : drv_IO_CAN.obj (.IO_DRIVER_CODE:IO_CAN_CPU_InitDefault)
                  000b3e1c    00000004     --HOLE-- [fill = 00000000]
                  000b3e20    0000009c                : drv_IO_INT_SPI.obj (.IO_DRIVER_CODE:IO_INT_SPI_SetBuffers)
                  000b3ebc    00000004     --HOLE-- [fill = 00000000]
                  000b3ec0    0000002c                : drv_IO_INT_SHIFT.obj (.IO_DRIVER_CODE:IO_INT_SHIFT_SafetyInit)
                  000b3eec    00000004     --HOLE-- [fill = 00000000]
                  000b3ef0    00000060                : drv_IO_INT_SHIFT.obj (.IO_DRIVER_CODE:IO_INT_SHIFT_Init)
                  000b3f50    0000007c                : drv_IO_POWER.obj (.IO_DRIVER_CODE:IO_POWER_Init)
                  000b3fcc    00000004     --HOLE-- [fill = 00000000]
                  000b3fd0    00000050                : drv_DIAG_INT_Core.obj (.IO_DRIVER_CODE:DIAG_INT_DCC_Init)
                  000b4020    00000070                : drv_IO_INT_FPGA.obj (.IO_DRIVER_CODE:IO_INT_FPGA_ReadFIDB)
                  000b4090    000001a4                : drv_IO_INT_FPGA.obj (.IO_DRIVER_CODE:IO_INT_FPGA_SendImage_RLE)
                  000b4234    0000000c     --HOLE-- [fill = 00000000]
                  000b4240    0000005c                : drv_IO_INT_FPGA.obj (.IO_DRIVER_CODE:IO_INT_FPGA_SendImage_Plain)
                  000b429c    00000004     --HOLE-- [fill = 00000000]
                  000b42a0    00000050                : drv_IO_INT_FPGA.obj (.IO_DRIVER_CODE:IO_INT_FPGA_SendImage_Finalize)
                  000b42f0    00000080                : drv_IO_INT_FPGA.obj (.IO_DRIVER_CODE:IO_INT_FPGA_VersionCheck)
                  000b4370    00000070                : drv_IO_INT_Variant.obj (.IO_DRIVER_CODE:IO_INT_Variant_GetPinAvail_Full)
                  000b43e0    000000b4                : drv_IO_CAN.obj (.IO_DRIVER_CODE:IO_CAN_FPGA_InitDefault)
                  000b4494    0000000c     --HOLE-- [fill = 00000000]
                  000b44a0    000000cc                : drv_IO_INT_FPGA.obj (.IO_DRIVER_CODE:IO_INT_FPGA_InitRegisters)
                  000b456c    00000004     --HOLE-- [fill = 00000000]
                  000b4570    000001fc                : drv_IO_INT_FPGA.obj (.IO_DRIVER_CODE:IO_Driver_FPGA_Init)
                  000b476c    00000004     --HOLE-- [fill = 00000000]
                  000b4770    00000054                : drv_IO_Driver.obj (.IO_DRIVER_CODE:IO_Driver_DMA_EnableADCHwTrigger)
                  000b47c4    0000000c     --HOLE-- [fill = 00000000]
                  000b47d0    000000c8                : drv_DIAG_INT_Core.obj (.IO_DRIVER_CODE:DIAG_INT_NhetParityTest)
                  000b4898    00000008     --HOLE-- [fill = 00000000]
                  000b48a0    00000078                : drv_DIAG_INT_Core.obj (.IO_DRIVER_CODE:DIAG_INT_AdcParityTest)
                  000b4918    00000008     --HOLE-- [fill = 00000000]
                  000b4920    00000b2c                : drv_IO_INT_ADC.obj (.IO_DRIVER_CODE:IO_INT_ADC_MuxInit)
                  000b544c    00000004     --HOLE-- [fill = 00000000]
                  000b5450    00000050                : drv_IO_ADC.obj (.IO_DRIVER_CODE:IO_ADC_StatusInit)
                  000b54a0    0000011c                : drv_IO_INT_ADC.obj (.IO_DRIVER_CODE:IO_INT_ADC_Init)
                  000b55bc    00000004     --HOLE-- [fill = 00000000]
                  000b55c0    00000634                : drv_IO_INT_PWM.obj (.IO_DRIVER_CODE:IO_INT_PWM_GPIO_Init)
                  000b5bf4    0000000c     --HOLE-- [fill = 00000000]
                  000b5c00    000001bc                : drv_IO_INT_PWM.obj (.IO_DRIVER_CODE:IO_INT_PWM_SSW_Init)
                  000b5dbc    00000004     --HOLE-- [fill = 00000000]
                  000b5dc0    00000248                : drv_IO_INT_PWM.obj (.IO_DRIVER_CODE:IO_INT_PWM_Timer_Init)
                  000b6008    00000008     --HOLE-- [fill = 00000000]
                  000b6010    00000098                : drv_IO_PWM.obj (.IO_DRIVER_CODE:IO_PWM_StatusInit)
                  000b60a8    00000008     --HOLE-- [fill = 00000000]
                  000b60b0    00000118                : drv_IO_INT_PWM.obj (.IO_DRIVER_CODE:IO_INT_PWM_Init)
                  000b61c8    00000008     --HOLE-- [fill = 00000000]
                  000b61d0    00000074                : drv_IO_PWD.obj (.IO_DRIVER_CODE:IO_PWD_StatusInit)
                  000b6244    0000000c     --HOLE-- [fill = 00000000]
                  000b6250    000000a0                : drv_IO_INT_PWD.obj (.IO_DRIVER_CODE:IO_INT_PWD_Init)
                  000b62f0    0000012c                : drv_IO_Driver.obj (.IO_DRIVER_CODE:IO_Driver_NHET_InitStart)
                  000b641c    00000004     --HOLE-- [fill = 00000000]
                  000b6420    0000005c                : drv_IO_INT_ADC.obj (.IO_DRIVER_CODE:IO_INT_ADC_MuxEnable)
                  000b647c    00000004     --HOLE-- [fill = 00000000]
                  000b6480    00000044                : drv_IO_Driver.obj (.IO_DRIVER_CODE:IO_Driver_NHET_InitEnd)
                  000b64c4    0000000c     --HOLE-- [fill = 00000000]
                  000b64d0    00000078                : drv_IO_Driver.obj (.IO_DRIVER_CODE:IO_Driver_SHIFT_InitEnd)
                  000b6548    00000008     --HOLE-- [fill = 00000000]
                  000b6550    00000034                : drv_IO_INT_SPI.obj (.IO_DRIVER_CODE:IO_INT_SPI_GetInitStatus)
                  000b6584    0000000c     --HOLE-- [fill = 00000000]
                  000b6590    00000080                : drv_IO_INT_WD.obj (.IO_DRIVER_CODE:IO_INT_WD_TPS_CommInit)
                  000b6610    00000354                : drv_IO_INT_WD.obj (.IO_DRIVER_CODE:IO_INT_WD_DWWD_Init)
                  000b6964    0000000c     --HOLE-- [fill = 00000000]
                  000b6970    000000c4                : drv_IO_INT_WD.obj (.IO_DRIVER_CODE:IO_INT_WD_TPS_GetStatusSync)
                  000b6a34    0000000c     --HOLE-- [fill = 00000000]
                  000b6a40    000002c4                : drv_IO_INT_WD.obj (.IO_DRIVER_CODE:IO_INT_WD_TPS_Init)
                  000b6d04    0000000c     --HOLE-- [fill = 00000000]
                  000b6d10    0000007c                : drv_IO_INT_WD.obj (.IO_DRIVER_CODE:IO_INT_WD_Init)
                  000b6d8c    00000004     --HOLE-- [fill = 00000000]
                  000b6d90    00000010                : drv_IO_INT_WD.obj (.IO_DRIVER_CODE:IO_INT_WD_DWWD_IsInitialized)
                  000b6da0    00000084                : drv_DIAG_INT_States.obj (.IO_DRIVER_CODE:DIAG_WDInit)
                  000b6e24    0000000c     --HOLE-- [fill = 00000000]
[...]
000c17d0  local     $a (.IO_DRIVER_CODE:IO_INT_EMAC_RMIISpeedSet)
00000000  local     $a (.IO_DRIVER_CODE:IO_INT_EMAC_MIIEnable)
00000000  local     $a (.IO_DRIVER_CODE:IO_INT_EMAC_MACSrcAddrSet)
00000000  local     $a (.IO_DRIVER_CODE:IO_INT_EMAC_MACAddrSet)
00000000  local     $a (.IO_DRIVER_CODE:IO_INT_EMAC_Init)
000c1810  local     $a (.IO_DRIVER_CODE:IO_INT_EMAC_DuplexSet)
00000000  local     $a (.IO_DRIVER_CODE:IO_INT_EMAC_DeInit)
000c19a0  local     $a (.IO_DRIVER_CODE:IO_INT_EMAC_CoreIntAck)
000c19a0  local     .IO_DRIVER_CODE:IO_INT_EMAC_CoreIntAck (.IO_DRIVER_CODE:IO_INT_EMAC_CoreIntAck)
00000000  local     .IO_DRIVER_CODE:IO_INT_EMAC_DeInit (.IO_DRIVER_CODE:IO_INT_EMAC_DeInit)
000c1810  local     .IO_DRIVER_CODE:IO_INT_EMAC_DuplexSet (.IO_DRIVER_CODE:IO_INT_EMAC_DuplexSet)
00000000  local     .IO_DRIVER_CODE:IO_INT_EMAC_Init (.IO_DRIVER_CODE:IO_INT_EMAC_Init)
00000000  local     .IO_DRIVER_CODE:IO_INT_EMAC_MACAddrSet (.IO_DRIVER_CODE:IO_INT_EMAC_MACAddrSet)
00000000  local     .IO_DRIVER_CODE:IO_INT_EMAC_MACSrcAddrSet (.IO_DRIVER_CODE:IO_INT_EMAC_MACSrcAddrSet)
00000000  local     .IO_DRIVER_CODE:IO_INT_EMAC_MIIEnable (.IO_DRIVER_CODE:IO_INT_EMAC_MIIEnable)
000c17d0  local     .IO_DRIVER_CODE:IO_INT_EMAC_RMIISpeedSet (.IO_DRIVER_CODE:IO_INT_EMAC_RMIISpeedSet)
00000000  local     .IO_DRIVER_CODE:IO_INT_EMAC_RxBroadCastEnable (.IO_DRIVER_CODE:IO_INT_EMAC_RxBroadCastEnable)
000c1980  local     .IO_DRIVER_CODE:IO_INT_EMAC_RxCPWrite (.IO_DRIVER_CODE:IO_INT_EMAC_RxCPWrite)
00000000  local     .IO_DRIVER_CODE:IO_INT_EMAC_RxEnable (.IO_DRIVER_CODE:IO_INT_EMAC_RxEnable)
000c1990  local     .IO_DRIVER_CODE:IO_INT_EMAC_RxHdrDescPtrWrite (.IO_DRIVER_CODE:IO_INT_EMAC_RxHdrDescPtrWrite)
00000000  local     .IO_DRIVER_CODE:IO_INT_EMAC_RxMultiCastEnable (.IO_DRIVER_CODE:IO_INT_EMAC_RxMultiCastEnable)
00000000  local     .IO_DRIVER_CODE:IO_INT_EMAC_RxMultiCastJoin (.IO_DRIVER_CODE:IO_INT_EMAC_RxMultiCastJoin)
00000000  local     .IO_DRIVER_CODE:IO_INT_EMAC_RxUniCastEnable (.IO_DRIVER_CODE:IO_INT_EMAC_RxUniCastEnable)
000c2240  local     .IO_DRIVER_CODE:IO_INT_EMAC_TxCPWrite (.IO_DRIVER_CODE:IO_INT_EMAC_TxCPWrite)
00000000  local     .IO_DRIVER_CODE:IO_INT_EMAC_TxEnable (.IO_DRIVER_CODE:IO_INT_EMAC_TxEnable)
000c2310  local     .IO_DRIVER_CODE:IO_INT_EMAC_TxHdrDescPtrWrite (.IO_DRIVER_CODE:IO_INT_EMAC_TxHdrDescPtrWrite)
00000000  local     .text (.text)
000c19a0  global    IO_INT_EMAC_CoreIntAck (.IO_DRIVER_CODE:IO_INT_EMAC_CoreIntAck)
00000000  global    IO_INT_EMAC_DeInit (.IO_DRIVER_CODE:IO_INT_EMAC_DeInit)
000c1810  global    IO_INT_EMAC_DuplexSet (.IO_DRIVER_CODE:IO_INT_EMAC_DuplexSet)
00000000  global    IO_INT_EMAC_Init (.IO_DRIVER_CODE:IO_INT_EMAC_Init)
00000000  global    IO_INT_EMAC_MACAddrSet (.IO_DRIVER_CODE:IO_INT_EMAC_MACAddrSet)
00000000  global    IO_INT_EMAC_MACSrcAddrSet (.IO_DRIVER_CODE:IO_INT_EMAC_MACSrcAddrSet)
00000000  global    IO_INT_EMAC_MIIEnable (.IO_DRIVER_CODE:IO_INT_EMAC_MIIEnable)
000c17d0  global    IO_INT_EMAC_RMIISpeedSet (.IO_DRIVER_CODE:IO_INT_EMAC_RMIISpeedSet)
00000000  global    IO_INT_EMAC_RxBroadCastEnable (.IO_DRIVER_CODE:IO_INT_EMAC_RxBroadCastEnable)
000c1980  global    IO_INT_EMAC_RxCPWrite (.IO_DRIVER_CODE:IO_INT_EMAC_RxCPWrite)
00000000  global    IO_INT_EMAC_RxEnable (.IO_DRIVER_CODE:IO_INT_EMAC_RxEnable)
000c1990  global    IO_INT_EMAC_RxHdrDescPtrWrite (.IO_DRIVER_CODE:IO_INT_EMAC_RxHdrDescPtrWrite)
00000000  global    IO_INT_EMAC_RxMultiCastEnable (.IO_DRIVER_CODE:IO_INT_EMAC_RxMultiCastEnable)
00000000  global    IO_INT_EMAC_RxMultiCastJoin (.IO_DRIVER_CODE:IO_INT_EMAC_RxMultiCastJoin)
00000000  global    IO_INT_EMAC_RxUniCastEnable (.IO_DRIVER_CODE:IO_INT_EMAC_RxUniCastEnable)
000c2240  global    IO_INT_EMAC_TxCPWrite (.IO_DRIVER_CODE:IO_INT_EMAC_TxCPWrite)
00000000  global    IO_INT_EMAC_TxEnable (.IO_DRIVER_CODE:IO_INT_EMAC_TxEnable)
000c2310  global    IO_INT_EMAC_TxHdrDescPtrWrite (.IO_DRIVER_CODE:IO_INT_EMAC_TxHdrDescPtrWrite)


================================================================================

bsp.lib : bsp_sys_startup.obj

Run/Load            
Value     Binding   Name (Section)
--------  --------  ---------------
000c8620  local     $C$L1 (.IO_DRIVER_CODE:vim_parity_error)
000b0320  local     $C$L10 (.IO_DRIVER_CODE:stack_init)
000b0360  local     $C$L11 (.IO_DRIVER_CODE:stack_init)
000b0374  local     $C$L12 (.IO_DRIVER_CODE:stack_init)
000b0380  local     $C$L13 (.IO_DRIVER_CODE:stack_init)
000b03c0  local     $C$L14 (.IO_DRIVER_CODE:stack_init)
000b03d4  local     $C$L15 (.IO_DRIVER_CODE:stack_init)
000b03e0  local     $C$L16 (.IO_DRIVER_CODE:stack_init)
000b0420  local     $C$L17 (.IO_DRIVER_CODE:stack_init)
000b0434  local     $C$L18 (.IO_DRIVER_CODE:stack_init)
000b0440  local     $C$L19 (.IO_DRIVER_CODE:stack_init)
000c8890  local     $C$L2 (.IO_DRIVER_CODE:custom_undef)
000b0480  local     $C$L20 (.IO_DRIVER_CODE:stack_init)
000b0494  local     $C$L21 (.IO_DRIVER_CODE:stack_init)
000b04a0  local     $C$L22 (.IO_DRIVER_CODE:stack_init)
000b04e0  local     $C$L23 (.IO_DRIVER_CODE:stack_init)
000b04f4  local     $C$L24 (.IO_DRIVER_CODE:stack_init)
000b0570  local     $C$L25 (.IO_DRIVER_CODE:heap_init)
000b0584  local     $C$L26 (.IO_DRIVER_CODE:heap_init)
000b0640  local     $C$L27 (.IO_DRIVER_CODE:mem_init)
000b06c0  local     $C$L28 (.IO_DRIVER_CODE:mem_init)
000b06e8  local     $C$L29 (.IO_DRIVER_CODE:mem_init)
000c81cc  local     $C$L3 (.IO_DRIVER_CODE:custom_pabort)
000bb020  local     $C$L30 (.IO_DRIVER_CODE:_c_int00)
000bb030  local     $C$L31 (.IO_DRIVER_CODE:_c_int00)
000afe40  local     $C$L32 (.IO_DRIVER_CODE:RAM_Fail)
000c81f0  local     $C$L4 (.IO_DRIVER_CODE:custom_pabort)
000c83bc  local     $C$L5 (.IO_DRIVER_CODE:custom_dabort)
000c83e0  local     $C$L6 (.IO_DRIVER_CODE:custom_dabort)
000bb100  local     $C$L7 (.IO_DRIVER_CODE:crossover_interrupt)
000b0300  local     $C$L8 (.IO_DRIVER_CODE:stack_init)
000b0314  local     $C$L9 (.IO_DRIVER_CODE:stack_init)
000cb770  local     $P$T0$1 (.const:$P$T0$1)
000c85e0  local     $a (.IO_DRIVER_CODE:vim_parity_error)
000b05a0  local     $a (.IO_DRIVER_CODE:get_shared_memory)
000b34b0  local     $a (.IO_DRIVER_CODE:get_mcu_configuration)
000c8860  local     $a (.IO_DRIVER_CODE:custom_undef)
000c8170  local     $a (.IO_DRIVER_CODE:custom_pabort)
000c8360  local     $a (.IO_DRIVER_CODE:custom_dabort)
000bb100  local     $a (.IO_DRIVER_CODE:crossover_interrupt)
000b02b0  local     $a (.IO_DRIVER_CODE:stack_init)
000b0510  local     $a (.IO_DRIVER_CODE:heap_init)
000b05b0  local     $a (.IO_DRIVER_CODE:mem_init)
000bafc0  local     $a (.IO_DRIVER_CODE:_c_int00)
000afe40  local     $a (.IO_DRIVER_CODE:RAM_Fail)
000cb770  local     $d (.const:$P$T0$1)
000afe40  local     .IO_DRIVER_CODE:RAM_Fail (.IO_DRIVER_CODE:RAM_Fail)
000bafc0  local     .IO_DRIVER_CODE:_c_int00 (.IO_DRIVER_CODE:_c_int00)
000bb100  local     .IO_DRIVER_CODE:crossover_interrupt (.IO_DRIVER_CODE:crossover_interrupt)
000c8360  local     .IO_DRIVER_CODE:custom_dabort (.IO_DRIVER_CODE:custom_dabort)
000c8170  local     .IO_DRIVER_CODE:custom_pabort (.IO_DRIVER_CODE:custom_pabort)
000c8860  local     .IO_DRIVER_CODE:custom_undef (.IO_DRIVER_CODE:custom_undef)
000b34b0  local     .IO_DRIVER_CODE:get_mcu_configuration (.IO_DRIVER_CODE:get_mcu_configuration)
000b05a0  local     .IO_DRIVER_CODE:get_shared_memory (.IO_DRIVER_CODE:get_shared_memory)
000b0510  local     .IO_DRIVER_CODE:heap_init (.IO_DRIVER_CODE:heap_init)
000b05b0  local     .IO_DRIVER_CODE:mem_init (.IO_DRIVER_CODE:mem_init)
000b02b0  local     .IO_DRIVER_CODE:stack_init (.IO_DRIVER_CODE:stack_init)
000c85e0  local     .IO_DRIVER_CODE:vim_parity_error (.IO_DRIVER_CODE:vim_parity_error)
000cb770  local     .const:$P$T0$1 (.const:$P$T0$1)
00000000  local     .text (.text)
000afe40  global    RAM_Fail (.IO_DRIVER_CODE:RAM_Fail)
000bafc0  global    _c_int00 (.IO_DRIVER_CODE:_c_int00)
000bb100  global    crossover_interrupt (.IO_DRIVER_CODE:crossover_interrupt)
000c8360  global    custom_dabort (.IO_DRIVER_CODE:custom_dabort)
000c8170  global    custom_pabort (.IO_DRIVER_CODE:custom_pabort)
000c8860  global    custom_undef (.IO_DRIVER_CODE:custom_undef)
000b34b0  global    get_mcu_configuration (.IO_DRIVER_CODE:get_mcu_configuration)
000b05a0  global    get_shared_memory (.IO_DRIVER_CODE:get_shared_memory)
000b0510  local     heap_init (.IO_DRIVER_CODE:heap_init)
000b05b0  local     mem_init (.IO_DRIVER_CODE:mem_init)
000b02b0  local     stack_init (.IO_DRIVER_CODE:stack_init)
000c85e0  global    vim_parity_error (.IO_DRIVER_CODE:vim_parity_error)


================================================================================

rtsv7R4_T_be_v3D16_eabi.lib : auto_init.obj

Run/Load            
Value     Binding   Name (Section)
--------  --------  ---------------
000cb39c  local     $d (.text)
000cb320  local     $t (.text)
000cb320  local     .text (.text)
000cb321  global    __TI_auto_init (.text)
000cb32f  local     _b1_ (.text)
000cb335  local     _b1_loop_ (.text)
000cb347  local     _b1_loop_end_ (.text)
000cb37d  local     _bcopy (.text)
000cb347  local     _c1_ (.text)
000cb389  local     _cont (.text)
000cb34b  local     _loop_ (.text)
000cb355  local     _loop_end_ (.text)
000cb379  local     _wcont (.text)
000cb36d  local     _wcopy (.text)
000cb39c  local     c_binit (.text)
000cb3ac  local     c_cinit_end (.text)
000cb3a8  local     c_cinit_start (.text)
000cb3a0  local     c_pinit (.text)
000cb3a4  local     c_pinit_end (.text)
000cb3b0  local     handler_start (.text)
000cb357  local     perform_cinit (.text)
000cb393  local     rec_chk (.text)
000cb35b  local     record (.text)


================================================================================

rtsv7R4_T_be_v3D16_eabi.lib : copy_decompress_none.obj

Run/Load            
Value     Binding   Name (Section)
--------  --------  ---------------
000cb72a  local     $t (.text:decompress:none)
00000000  local     .text (.text)
000cb72a  local     .text:decompress:none (.text:decompress:none)
000cb72b  global    __TI_decompress_none (.text:decompress:none)


================================================================================

rtsv7R4_T_be_v3D16_eabi.lib : copy_decompress_rle.obj

Run/Load            
Value     Binding   Name (Section)
--------  --------  ---------------
000cb6c1  local     $C$L1 (.text)
000cb6cd  local     $C$L2 (.text)
000cb6db  local     $C$L3 (.text)
000cb6df  local     $C$L4 (.text)
000cb6e5  local     $C$L5 (.text)
000cb6e9  local     $C$L6 (.text)
000cb6ed  local     $C$L7 (.text)
000cb6f7  local     $C$L8 (.text)
000cb6fb  local     $C$L9 (.text)
000cb6b8  local     $t (.text)
000cb738  local     $t (.text:decompress:rle24)
00000000  local     $t (.text:decompress:rle)
000cb6b8  local     .text (.text)
00000000  local     .text:decompress:rle (.text:decompress:rle)
000cb738  local     .text:decompress:rle24 (.text:decompress:rle24)
00000001  global    __TI_decompress_rle (.text:decompress:rle)
000cb739  global    __TI_decompress_rle24 (.text:decompress:rle24)
000cb6b9  local     __TI_decompress_rle_core (.text)


================================================================================

rtsv7R4_T_be_v3D16_eabi.lib : copy_zero_init.obj

Run/Load            
Value     Binding   Name (Section)
--------  --------  ---------------
000cb721  local     $C$L1 (.text:decompress:ZI)
000cb729  local     $C$L2 (.text:decompress:ZI)
000cb718  local     $t (.text:decompress:ZI)
00000000  local     .text (.text)
000cb718  local     .text:decompress:ZI (.text:decompress:ZI)
000cb719  global    __TI_zero_init (.text:decompress:ZI)


================================================================================

rtsv7R4_T_be_v3D16_eabi.lib : cpy_tbl.obj

Run/Load            
Value     Binding   Name (Section)
--------  --------  ---------------
000cb31c  local     $C$CON1 (.text)
000cb2e5  local     $C$L1 (.text)
000cb307  local     $C$L2 (.text)
000cb30b  local     $C$L3 (.text)
000cb30d  local     $C$L4 (.text)
000cb311  local     $C$L5 (.text)
000cb31c  local     $d (.text)
000cb2d8  local     $t (.text)
000cb2d8  local     .text (.text)
000cb2d9  global    copy_in (.text)


================================================================================

rtsv7R4_T_be_v3D16_eabi.lib : ll_lsl_t2.obj

Run/Load            
Value     Binding   Name (Section)
--------  --------  ---------------
000cb46e  local     $t (.text)
000cb46e  local     .text (.text)
000cb46f  global    __aeabi_llsl (.text)


================================================================================

rtsv7R4_T_be_v3D16_eabi.lib : memcmp.obj

Run/Load            
Value     Binding   Name (Section)
--------  --------  ---------------
000cb45b  local     $C$L1 (.text)
000cb46b  local     $C$L2 (.text)
000cb46d  local     $C$L3 (.text)
000cb44c  local     $t (.text)
000cb44c  local     .text (.text)
000cb44d  global    memcmp (.text)


================================================================================

rtsv7R4_T_be_v3D16_eabi.lib : memcpy_t2.obj

Run/Load            
Value     Binding   Name (Section)
--------  --------  ---------------
000cb23a  local     $t (.text)
000cb23a  local     .text (.text)
000cb23b  global    __aeabi_memcpy (.text)
000cb23b  global    __aeabi_memcpy4 (.text)
000cb23b  global    __aeabi_memcpy8 (.text)
000cb24b  local     _aln (.text)
000cb26d  local     _c12 (.text)
000cb275  local     _c4 (.text)
000cb271  local     _c8 (.text)
000cb2ad  local     _cp4 (.text)
000cb29d  local     _cp4s (.text)
000cb2c7  local     _lp1 (.text)
000cb253  local     _lp16 (.text)
000cb2c3  local     _oddb (.text)
000cb279  local     _oddsz (.text)
000cb2bf  local     _off1 (.text)
000cb299  local     _off2 (.text)
000cb24f  local     _ovr16 (.text)
000cb2d5  local     _ret2_ (.text)
000cb2d3  local     _ret_ (.text)
000cb291  local     _saln (.text)
000cb261  local     _udr16 (.text)
000cb281  local     _unaln (.text)
000cb23b  global    memcpy (.text)


================================================================================

rtsv7R4_T_be_v3D16_eabi.lib : memory.obj

Run/Load            
Value     Binding   Name (Section)
--------  --------  ---------------
00000300  local     $C$CON1 (.text)
000003d4  local     $C$CON10 (.text)
000002a8  local     $C$CON2 (.text)
000002ac  local     $C$CON3 (.text)
000002b0  local     $C$CON4 (.text)
00000304  local     $C$CON5 (.text)
000003c8  local     $C$CON6 (.text)
000003cc  local     $C$CON7 (.text)
000003d0  local     $C$CON9 (.text)
0000002d  local     $C$L1 (.text)
000000ad  local     $C$L10 (.text)
000000af  local     $C$L11 (.text)
000000b7  local     $C$L12 (.text)
000000bb  local     $C$L13 (.text)
000000db  local     $C$L14 (.text)
000000ff  local     $C$L15 (.text)
00000111  local     $C$L16 (.text)
00000123  local     $C$L17 (.text)
0000014f  local     $C$L18 (.text)
00000159  local     $C$L19 (.text)
0000003f  local     $C$L2 (.text)
0000016d  local     $C$L20 (.text)
00000171  local     $C$L21 (.text)
00000185  local     $C$L22 (.text)
0000019f  local     $C$L23 (.text)
000001a1  local     $C$L24 (.text)
000001a5  local     $C$L25 (.text)
000001a9  local     $C$L26 (.text)
000001c7  local     $C$L27 (.text)
000001d7  local     $C$L28 (.text)
000001dd  local     $C$L29 (.text)
00000043  local     $C$L3 (.text)
000001e3  local     $C$L30 (.text)
00000201  local     $C$L31 (.text)
00000249  local     $C$L32 (.text)
00000253  local     $C$L33 (.text)
00000265  local     $C$L34 (.text)
00000279  local     $C$L35 (.text)
0000027d  local     $C$L36 (.text)
0000029b  local     $C$L37 (.text)
0000029f  local     $C$L38 (.text)
000002a1  local     $C$L39 (.text)
00000049  local     $C$L4 (.text)
000002d7  local     $C$L40 (.text)
000002e1  local     $C$L41 (.text)
000002e7  local     $C$L42 (.text)
00000309  local     $C$L43 (.text)
0000030d  local     $C$L44 (.text)
0000032d  local     $C$L45 (.text)
00000335  local     $C$L46 (.text)
00000345  local     $C$L47 (.text)
00000347  local     $C$L48 (.text)
0000034d  local     $C$L49 (.text)
00000063  local     $C$L5 (.text)
00000353  local     $C$L50 (.text)
00000375  local     $C$L51 (.text)
00000381  local     $C$L52 (.text)
0000038f  local     $C$L53 (.text)
00000395  local     $C$L54 (.text)
000003bd  local     $C$L55 (.text)
000003c5  local     $C$L56 (.text)
00000079  local     $C$L6 (.text)
0000007d  local     $C$L7 (.text)
00000083  local     $C$L8 (.text)
0000009b  local     $C$L9 (.text)
00000000  local     $O1$$ (.data)
00000000  local     $d (.data)
000002a8  local     $d (.text)
00000300  local     $d (.text)
000003c8  local     $d (.text)
00000000  local     $t (.text)
00000022  local     $t (.text)
0000004c  local     $t (.text)
00000088  local     $t (.text)
000000ea  local     $t (.text)
000001aa  local     $t (.text)
000002b4  local     $t (.text)
00000308  local     $t (.text)
0000039a  local     $t (.text)
00000000  local     .data (.data)
08003000  local     .sysmem (.sysmem)
00000000  local     .text (.text)
08003000  global    _sys_memory (.sysmem)
0000039b  global    calloc (.text)
000000eb  global    free (.text)
00000089  global    malloc (.text)
000002b5  global    memalign (.text)
00000001  global    minit (.text)
0000004d  local     minsert (.text)
00000023  local     mremove (.text)
000001ab  global    realloc (.text)


================================================================================

rtsv7R4_T_be_v3D16_eabi.lib : no_stm_memcpy_t2.obj

Run/Load            
Value     Binding   Name (Section)
--------  --------  ---------------
000cb180  local     $t (.text)
000cb180  local     .text (.text)
000cb191  local     _aln (.text)
000cb1cb  local     _c12 (.text)
000cb1d7  local     _c4 (.text)
000cb1d1  local     _c8 (.text)
000cb211  local     _cp4 (.text)
000cb201  local     _cp4s (.text)
000cb22b  local     _lp1 (.text)
000cb1a3  local     _lp16 (.text)
000cb227  local     _oddb (.text)
000cb1dd  local     _oddsz (.text)
000cb223  local     _off1 (.text)
000cb1fd  local     _off2 (.text)
000cb195  local     _ovr16 (.text)
000cb239  local     _ret2_ (.text)
000cb237  local     _ret_ (.text)
000cb1f5  local     _saln (.text)
000cb1bf  local     _udr16 (.text)
000cb1e5  local     _unaln (.text)
000cb181  global    no_stm_memcpy (.text)


================================================================================

rtsv7R4_T_be_v3D16_eabi.lib : no_stm_memset_t2.obj

Run/Load            
Value     Binding   Name (Section)
--------  --------  ---------------
000cb3b4  local     $t (.text)
000cb3b4  local     .text (.text)
000cb41f  local     _memset15 (.text)
000cb40b  local     _memset16_loop (.text)
000cb439  local     _memset3 (.text)
000cb42f  local     _memset7 (.text)
000cb3cf  local     _unaligned_loop (.text)
000cb3e5  local     _word_aligned (.text)
000cb3b5  global    no_stm_memset (.text)


================================================================================

rtsv7R4_T_be_v3D16_eabi.lib : _lock.obj

Run/Load            
Value     Binding   Name (Section)
--------  --------  ---------------
00000010  local     $C$CON1 (.text)
00000000  local     $O1$$ (.data)
00000000  local     $d (.data)
00000010  local     $d (.text)
00000000  local     $t (.text)
00000006  local     $t (.text)
0000000e  local     $t (.text)
00000000  local     .data (.data)
00000000  local     .text (.text)
00000000  global    _lock (.data)
0000000f  global    _nop (.text)
00000007  global    _register_lock (.text)
00000001  global    _register_unlock (.text)
00000004  global    _unlock (.data)


================================================================================

<linker>

Run/Load            
Value     Binding   Name (Section)
--------  --------  ---------------
000cb990  local     $d (.cinit..IO_DRIVER_VAR_NORMAL.load)
000cc468  local     $d (.cinit..IO_DRIVER_VAR_COMMON.load)


================================================================================

